
  .   ____          _            __ _ _
 /\\ / ___'_ __ _ _(_)_ __  __ _ \ \ \ \
( ( )\___ | '_ | '_| | '_ \/ _` | \ \ \ \
 \\/  ___)| |_)| | | | | || (_| |  ) ) ) )
  '  |____| .__|_| |_|_| |_\__, | / / / /
 =========|_|==============|___/=/_/_/_/
 :: Spring Boot ::                (v3.2.5)

2026-09-16T14:34:05.484+01:00  INFO 66274 --- [config-server] [           main] c.f.c.ConfigServerApplication            : Starting ConfigServerApplication v0.0.1-SNAPSHOT using Java 17.0.12 with PID 66274 (/Users/daphane/Documents/groupK48/devoir de fin/ms-stock-management-main/services/config-server/target/config-server-0.0.1-SNAPSHOT.jar started by daphane in /Users/daphane/Documents/groupK48/devoir de fin/ms-stock-management-main/services/config-server)
2026-09-16T14:34:05.486+01:00  INFO 66274 --- [config-server] [           main] c.f.c.ConfigServerApplication            : The following 1 profile is active: "native"
2026-09-16T14:34:08.761+01:00  INFO 66274 --- [config-server] [           main] o.s.cloud.context.scope.GenericScope     : BeanFactory id=db215e97-977c-3847-b676-3c40335a84d2
2026-09-16T14:34:09.298+01:00  INFO 66274 --- [config-server] [           main] o.s.b.w.embedded.tomcat.TomcatWebServer  : Tomcat initialized with port 8888 (http)
2026-09-16T14:34:09.321+01:00  INFO 66274 --- [config-server] [           main] o.apache.catalina.core.StandardService   : Starting service [Tomcat]
2026-09-16T14:34:09.321+01:00  INFO 66274 --- [config-server] [           main] o.apache.catalina.core.StandardEngine    : Starting Servlet engine: [Apache Tomcat/10.1.20]
2026-09-16T14:34:09.416+01:00  INFO 66274 --- [config-server] [           main] o.a.c.c.C.[Tomcat].[localhost].[/]       : Initializing Spring embedded WebApplicationContext
2026-09-16T14:34:09.417+01:00  INFO 66274 --- [config-server] [           main] w.s.c.ServletWebServerApplicationContext : Root WebApplicationContext: initialization completed in 3760 ms
2026-09-16T14:34:11.102+01:00  INFO 66274 --- [config-server] [           main] o.s.b.a.e.web.EndpointLinksResolver      : Exposing 1 endpoint(s) beneath base path '/actuator'
2026-09-16T14:34:11.202+01:00  INFO 66274 --- [config-server] [           main] o.s.b.w.embedded.tomcat.TomcatWebServer  : Tomcat started on port 8888 (http) with context path ''
2026-09-16T14:34:11.243+01:00  INFO 66274 --- [config-server] [           main] c.f.c.ConfigServerApplication            : Started ConfigServerApplication in 7.841 seconds (process running for 9.936)
2026-09-16T14:34:31.123+01:00  INFO 66274 --- [config-server] [nio-8888-exec-1] o.a.c.c.C.[Tomcat].[localhost].[/]       : Initializing Spring DispatcherServlet 'dispatcherServlet'
2026-09-16T14:34:31.124+01:00  INFO 66274 --- [config-server] [nio-8888-exec-1] o.s.web.servlet.DispatcherServlet        : Initializing Servlet 'dispatcherServlet'
2026-09-16T14:34:31.129+01:00  INFO 66274 --- [config-server] [nio-8888-exec-1] o.s.web.servlet.DispatcherServlet        : Completed initialization in 5 ms
2026-09-16T14:34:31.279+01:00  INFO 66274 --- [config-server] [nio-8888-exec-1] o.s.c.c.s.e.NativeEnvironmentRepository  : Adding property source: Config resource 'class path resource [configurations/discovery-service.yml]' via location 'classpath:/configurations/'
2026-09-16T14:34:31.279+01:00  INFO 66274 --- [config-server] [nio-8888-exec-1] o.s.c.c.s.e.NativeEnvironmentRepository  : Adding property source: Config resource 'class path resource [configurations/application.yml]' via location 'classpath:/configurations/'
2026-09-16T14:34:49.078+01:00  INFO 66274 --- [config-server] [nio-8888-exec-2] o.s.c.c.s.e.NativeEnvironmentRepository  : Adding property source: Config resource 'class path resource [configurations/customer-service.yml]' via location 'classpath:/configurations/'
2026-09-16T14:34:49.079+01:00  INFO 66274 --- [config-server] [nio-8888-exec-2] o.s.c.c.s.e.NativeEnvironmentRepository  : Adding property source: Config resource 'class path resource [configurations/application.yml]' via location 'classpath:/configurations/'
2026-09-16T14:34:59.142+01:00  INFO 66274 --- [config-server] [nio-8888-exec-3] o.s.c.c.s.e.NativeEnvironmentRepository  : Adding property source: Config resource 'class path resource [configurations/notification-service.yml]' via location 'classpath:/configurations/'
2026-09-16T14:34:59.143+01:00  INFO 66274 --- [config-server] [nio-8888-exec-3] o.s.c.c.s.e.NativeEnvironmentRepository  : Adding property source: Config resource 'class path resource [configurations/application.yml]' via location 'classpath:/configurations/'
2026-09-16T14:35:12.993+01:00  INFO 66274 --- [config-server] [nio-8888-exec-4] o.s.c.c.s.e.NativeEnvironmentRepository  : Adding property source: Config resource 'class path resource [configurations/order-service.yml]' via location 'classpath:/configurations/'
2026-09-16T14:35:12.994+01:00  INFO 66274 --- [config-server] [nio-8888-exec-4] o.s.c.c.s.e.NativeEnvironmentRepository  : Adding property source: Config resource 'class path resource [configurations/application.yml]' via location 'classpath:/configurations/'
2026-09-16T14:35:21.814+01:00  INFO 66274 --- [config-server] [nio-8888-exec-5] o.s.c.c.s.e.NativeEnvironmentRepository  : Adding property source: Config resource 'class path resource [configurations/payment-service.yml]' via location 'classpath:/configurations/'
2026-09-16T14:35:21.815+01:00  INFO 66274 --- [config-server] [nio-8888-exec-5] o.s.c.c.s.e.NativeEnvironmentRepository  : Adding property source: Config resource 'class path resource [configurations/application.yml]' via location 'classpath:/configurations/'
2026-09-16T14:35:29.354+01:00  INFO 66274 --- [config-server] [nio-8888-exec-6] o.s.c.c.s.e.NativeEnvironmentRepository  : Adding property source: Config resource 'class path resource [configurations/product-service.yml]' via location 'classpath:/configurations/'
2026-09-16T14:35:29.355+01:00  INFO 66274 --- [config-server] [nio-8888-exec-6] o.s.c.c.s.e.NativeEnvironmentRepository  : Adding property source: Config resource 'class path resource [configurations/application.yml]' via location 'classpath:/configurations/'
2026-09-16T14:35:31.269+01:00  INFO 66274 --- [config-server] [nio-8888-exec-7] o.s.c.c.s.e.NativeEnvironmentRepository  : Adding property source: Config resource 'class path resource [configurations/gateway-service.yml]' via location 'classpath:/configurations/'
2026-09-16T14:35:31.269+01:00  INFO 66274 --- [config-server] [nio-8888-exec-7] o.s.c.c.s.e.NativeEnvironmentRepository  : Adding property source: Config resource 'class path resource [configurations/application.yml]' via location 'classpath:/configurations/'
2026-09-16T16:08:15.990+01:00  INFO 66274 --- [config-server] [nio-8888-exec-5] o.s.c.c.s.e.NativeEnvironmentRepository  : Adding property source: Config resource 'class path resource [configurations/product-service.yml]' via location 'classpath:/configurations/'
2026-09-16T16:08:16.062+01:00  INFO 66274 --- [config-server] [nio-8888-exec-5] o.s.c.c.s.e.NativeEnvironmentRepository  : Adding property source: Config resource 'class path resource [configurations/application.yml]' via location 'classpath:/configurations/'
2026-09-16T16:08:41.636+01:00  INFO 66274 --- [config-server] [nio-8888-exec-6] o.s.c.c.s.e.NativeEnvironmentRepository  : Adding property source: Config resource 'class path resource [configurations/order-service.yml]' via location 'classpath:/configurations/'
2026-09-16T16:08:41.642+01:00  INFO 66274 --- [config-server] [nio-8888-exec-6] o.s.c.c.s.e.NativeEnvironmentRepository  : Adding property source: Config resource 'class path resource [configurations/application.yml]' via location 'classpath:/configurations/'
2026-09-16T16:08:52.227+01:00  INFO 66274 --- [config-server] [nio-8888-exec-7] o.s.c.c.s.e.NativeEnvironmentRepository  : Adding property source: Config resource 'class path resource [configurations/payment-service.yml]' via location 'classpath:/configurations/'
2026-09-16T16:08:52.228+01:00  INFO 66274 --- [config-server] [nio-8888-exec-7] o.s.c.c.s.e.NativeEnvironmentRepository  : Adding property source: Config resource 'class path resource [configurations/application.yml]' via location 'classpath:/configurations/'
2026-09-16T16:36:39.515+01:00  INFO 66274 --- [config-server] [nio-8888-exec-1] o.s.c.c.s.e.NativeEnvironmentRepository  : Adding property source: Config resource 'class path resource [configurations/customer-service.yml]' via location 'classpath:/configurations/'
2026-09-16T16:36:39.546+01:00  INFO 66274 --- [config-server] [nio-8888-exec-1] o.s.c.c.s.e.NativeEnvironmentRepository  : Adding property source: Config resource 'class path resource [configurations/application.yml]' via location 'classpath:/configurations/'
