
  .   ____          _            __ _ _
 /\\ / ___'_ __ _ _(_)_ __  __ _ \ \ \ \
( ( )\___ | '_ | '_| | '_ \/ _` | \ \ \ \
 \\/  ___)| |_)| | | | | || (_| |  ) ) ) )
  '  |____| .__|_| |_|_| |_\__, | / / / /
 =========|_|==============|___/=/_/_/_/
 :: Spring Boot ::                (v3.2.5)

2026-09-17T12:59:14.649+01:00  INFO 63206 --- [notification-service] [           main] [                                                 ] c.f.ecommerce.NotificationApplication    : Starting NotificationApplication v0.0.1-SNAPSHOT using Java 17.0.12 with PID 63206 (/Users/daphane/Documents/groupK48/devoir de fin/ms-stock-management-main/services/notification/target/notification-0.0.1-SNAPSHOT.jar started by daphane in /Users/daphane/Documents/groupK48/devoir de fin/ms-stock-management-main/services/notification)
2026-09-17T12:59:14.655+01:00  INFO 63206 --- [notification-service] [           main] [                                                 ] c.f.ecommerce.NotificationApplication    : No active profile set, falling back to 1 default profile: "default"
2026-09-17T12:59:14.966+01:00  INFO 63206 --- [notification-service] [           main] [                                                 ] o.s.c.c.c.ConfigServerConfigDataLoader   : Fetching config from server at : http://localhost:8888
2026-09-17T12:59:14.966+01:00  INFO 63206 --- [notification-service] [           main] [                                                 ] o.s.c.c.c.ConfigServerConfigDataLoader   : Located environment: name=notification-service, profiles=[default], label=null, version=null, state=null
2026-09-17T12:59:21.370+01:00  INFO 63206 --- [notification-service] [           main] [                                                 ] .s.d.r.c.RepositoryConfigurationDelegate : Bootstrapping Spring Data MongoDB repositories in DEFAULT mode.
2026-09-17T12:59:22.470+01:00  INFO 63206 --- [notification-service] [           main] [                                                 ] .s.d.r.c.RepositoryConfigurationDelegate : Finished Spring Data repository scanning in 1090 ms. Found 1 MongoDB repository interface.
2026-09-17T12:59:24.305+01:00  INFO 63206 --- [notification-service] [           main] [                                                 ] o.s.cloud.context.scope.GenericScope     : BeanFactory id=234daaf5-213c-3359-9915-deb6161ffcae
2026-09-17T12:59:24.795+01:00  WARN 63206 --- [notification-service] [           main] [                                                 ] trationDelegate$BeanPostProcessorChecker : Bean 'org.springframework.cloud.client.loadbalancer.LoadBalancerAutoConfiguration$DeferringLoadBalancerInterceptorConfig' of type [org.springframework.cloud.client.loadbalancer.LoadBalancerAutoConfiguration$DeferringLoadBalancerInterceptorConfig] is not eligible for getting processed by all BeanPostProcessors (for example: not eligible for auto-proxying). The currently created BeanPostProcessor [lbRestClientPostProcessor] is declared through a non-static factory method on that class; consider declaring it as static instead.
2026-09-17T12:59:24.799+01:00  WARN 63206 --- [notification-service] [           main] [                                                 ] trationDelegate$BeanPostProcessorChecker : Bean 'deferringLoadBalancerInterceptor' of type [org.springframework.cloud.client.loadbalancer.DeferringLoadBalancerInterceptor] is not eligible for getting processed by all BeanPostProcessors (for example: not eligible for auto-proxying). Is this bean getting eagerly injected into a currently created BeanPostProcessor [lbRestClientPostProcessor]? Check the corresponding BeanPostProcessor declaration and its dependencies.
2026-09-17T12:59:26.599+01:00  INFO 63206 --- [notification-service] [           main] [                                                 ] o.s.b.w.embedded.tomcat.TomcatWebServer  : Tomcat initialized with port 8040 (http)
2026-09-17T12:59:26.622+01:00  INFO 63206 --- [notification-service] [           main] [                                                 ] o.apache.catalina.core.StandardService   : Starting service [Tomcat]
2026-09-17T12:59:26.623+01:00  INFO 63206 --- [notification-service] [           main] [                                                 ] o.apache.catalina.core.StandardEngine    : Starting Servlet engine: [Apache Tomcat/10.1.20]
2026-09-17T12:59:26.947+01:00  INFO 63206 --- [notification-service] [           main] [                                                 ] o.a.c.c.C.[Tomcat].[localhost].[/]       : Initializing Spring embedded WebApplicationContext
2026-09-17T12:59:26.951+01:00  INFO 63206 --- [notification-service] [           main] [                                                 ] w.s.c.ServletWebServerApplicationContext : Root WebApplicationContext: initialization completed in 11976 ms
2026-09-17T12:59:32.315+01:00  INFO 63206 --- [notification-service] [localhost:27017] [                                                 ] org.mongodb.driver.cluster               : Monitor thread successfully connected to server with description ServerDescription{address=localhost:27017, type=STANDALONE, state=CONNECTED, ok=true, minWireVersion=0, maxWireVersion=28, maxDocumentSize=16777216, logicalSessionTimeoutMinutes=30, roundTripTimeNanos=28583677}
2026-09-17T12:59:32.536+01:00  INFO 63206 --- [notification-service] [           main] [                                                 ] org.mongodb.driver.client                : MongoClient with metadata {"driver": {"name": "mongo-java-driver|sync|spring-boot", "version": "4.11.2"}, "os": {"type": "Darwin", "name": "Mac OS X", "architecture": "x86_64", "version": "13.7.8"}, "platform": "Java/Oracle Corporation/17.0.12+8-LTS-286"} created with settings MongoClientSettings{readPreference=primary, writeConcern=WriteConcern{w=null, wTimeout=null ms, journal=null}, retryWrites=true, retryReads=true, readConcern=ReadConcern{level=null}, credential=MongoCredential{mechanism=null, userName='franck', source='admin', password=<hidden>, mechanismProperties=<hidden>}, transportSettings=null, streamFactoryFactory=null, commandListeners=[io.micrometer.core.instrument.binder.mongodb.MongoMetricsCommandListener@9f48198], codecRegistry=ProvidersCodecRegistry{codecProviders=[ValueCodecProvider{}, BsonValueCodecProvider{}, DBRefCodecProvider{}, DBObjectCodecProvider{}, DocumentCodecProvider{}, CollectionCodecProvider{}, IterableCodecProvider{}, MapCodecProvider{}, GeoJsonCodecProvider{}, GridFSFileCodecProvider{}, Jsr310CodecProvider{}, JsonObjectCodecProvider{}, BsonCodecProvider{}, EnumCodecProvider{}, com.mongodb.client.model.mql.ExpressionCodecProvider@5615f82d, com.mongodb.Jep395RecordCodecProvider@21698e5a, com.mongodb.KotlinCodecProvider@3dc2f14]}, loggerSettings=LoggerSettings{maxDocumentLength=1000}, clusterSettings={hosts=[localhost:27017], srvServiceName=mongodb, mode=SINGLE, requiredClusterType=UNKNOWN, requiredReplicaSetName='null', serverSelector='null', clusterListeners='[]', serverSelectionTimeout='30000 ms', localThreshold='15 ms'}, socketSettings=SocketSettings{connectTimeoutMS=10000, readTimeoutMS=0, receiveBufferSize=0, proxySettings=ProxySettings{host=null, port=null, username=null, password=null}}, heartbeatSocketSettings=SocketSettings{connectTimeoutMS=10000, readTimeoutMS=10000, receiveBufferSize=0, proxySettings=ProxySettings{host=null, port=null, username=null, password=null}}, connectionPoolSettings=ConnectionPoolSettings{maxSize=100, minSize=0, maxWaitTimeMS=120000, maxConnectionLifeTimeMS=0, maxConnectionIdleTimeMS=0, maintenanceInitialDelayMS=0, maintenanceFrequencyMS=60000, connectionPoolListeners=[io.micrometer.core.instrument.binder.mongodb.MongoMetricsConnectionPoolListener@2e8986b6], maxConnecting=2}, serverSettings=ServerSettings{heartbeatFrequencyMS=10000, minHeartbeatFrequencyMS=500, serverListeners='[]', serverMonitorListeners='[]'}, sslSettings=SslSettings{enabled=false, invalidHostNameAllowed=false, context=null}, applicationName='null', compressorList=[], uuidRepresentation=JAVA_LEGACY, serverApi=null, autoEncryptionSettings=null, dnsClient=null, inetAddressResolver=null, contextProvider=null}
2026-09-17T12:59:41.622+01:00  INFO 63206 --- [notification-service] [           main] [                                                 ] DiscoveryClientOptionalArgsConfiguration : Eureka HTTP Client uses RestTemplate.
2026-09-17T12:59:42.087+01:00  WARN 63206 --- [notification-service] [           main] [                                                 ] iguration$LoadBalancerCaffeineWarnLogger : Spring Cloud LoadBalancer is currently working with the default cache. While this cache implementation is useful for development and tests, it's recommended to use Caffeine cache in production.You can switch to using Caffeine cache, by adding it and org.springframework.cache.caffeine.CaffeineCacheManager to the classpath.
2026-09-17T12:59:42.190+01:00  INFO 63206 --- [notification-service] [           main] [                                                 ] o.s.b.a.e.web.EndpointLinksResolver      : Exposing 1 endpoint(s) beneath base path '/actuator'
2026-09-17T12:59:43.047+01:00  INFO 63206 --- [notification-service] [           main] [                                                 ] o.s.c.n.eureka.InstanceInfoFactory       : Setting initial instance status as: STARTING
2026-09-17T12:59:43.584+01:00  INFO 63206 --- [notification-service] [           main] [                                                 ] com.netflix.discovery.DiscoveryClient    : Initializing Eureka in region us-east-1
2026-09-17T12:59:43.659+01:00  INFO 63206 --- [notification-service] [           main] [                                                 ] c.n.d.s.r.aws.ConfigClusterResolver      : Resolving eureka endpoints via configuration
2026-09-17T12:59:43.726+01:00  INFO 63206 --- [notification-service] [           main] [                                                 ] com.netflix.discovery.DiscoveryClient    : Disable delta property : false
2026-09-17T12:59:43.726+01:00  INFO 63206 --- [notification-service] [           main] [                                                 ] com.netflix.discovery.DiscoveryClient    : Single vip registry refresh property : null
2026-09-17T12:59:43.726+01:00  INFO 63206 --- [notification-service] [           main] [                                                 ] com.netflix.discovery.DiscoveryClient    : Force full registry fetch : false
2026-09-17T12:59:43.726+01:00  INFO 63206 --- [notification-service] [           main] [                                                 ] com.netflix.discovery.DiscoveryClient    : Application is null : false
2026-09-17T12:59:43.726+01:00  INFO 63206 --- [notification-service] [           main] [                                                 ] com.netflix.discovery.DiscoveryClient    : Registered Applications size is zero : true
2026-09-17T12:59:43.726+01:00  INFO 63206 --- [notification-service] [           main] [                                                 ] com.netflix.discovery.DiscoveryClient    : Application version is -1: true
2026-09-17T12:59:43.726+01:00  INFO 63206 --- [notification-service] [           main] [                                                 ] com.netflix.discovery.DiscoveryClient    : Getting all instance registry info from the eureka server
2026-09-17T12:59:44.791+01:00  INFO 63206 --- [notification-service] [           main] [                                                 ] com.netflix.discovery.DiscoveryClient    : The response status is 200
2026-09-17T12:59:44.795+01:00  INFO 63206 --- [notification-service] [           main] [                                                 ] com.netflix.discovery.DiscoveryClient    : Starting heartbeat executor: renew interval is: 30
2026-09-17T12:59:44.801+01:00  INFO 63206 --- [notification-service] [           main] [                                                 ] c.n.discovery.InstanceInfoReplicator     : InstanceInfoReplicator onDemand update allowed rate per min is 4
2026-09-17T12:59:44.808+01:00  INFO 63206 --- [notification-service] [           main] [                                                 ] com.netflix.discovery.DiscoveryClient    : Discovery Client initialized at timestamp 1789646384808 with initial instances count: 2
2026-09-17T12:59:44.812+01:00  INFO 63206 --- [notification-service] [           main] [                                                 ] o.s.c.n.e.s.EurekaServiceRegistry        : Registering application NOTIFICATION-SERVICE with eureka with status UP
2026-09-17T12:59:44.813+01:00  INFO 63206 --- [notification-service] [           main] [                                                 ] com.netflix.discovery.DiscoveryClient    : Saw local status change event StatusChangeEvent [timestamp=1789646384813, current=UP, previous=STARTING]
2026-09-17T12:59:45.128+01:00  INFO 63206 --- [notification-service] [nfoReplicator-0] [                                                 ] com.netflix.discovery.DiscoveryClient    : DiscoveryClient_NOTIFICATION-SERVICE/192.168.2.25:notification-service:8040: registering service...
2026-09-17T12:59:45.188+01:00  INFO 63206 --- [notification-service] [nfoReplicator-0] [                                                 ] com.netflix.discovery.DiscoveryClient    : DiscoveryClient_NOTIFICATION-SERVICE/192.168.2.25:notification-service:8040 - registration status: 204
2026-09-17T12:59:45.366+01:00  INFO 63206 --- [notification-service] [           main] [                                                 ] o.s.b.w.embedded.tomcat.TomcatWebServer  : Tomcat started on port 8040 (http) with context path ''
2026-09-17T12:59:45.367+01:00  INFO 63206 --- [notification-service] [           main] [                                                 ] .s.c.n.e.s.EurekaAutoServiceRegistration : Updating port to 8040
2026-09-17T12:59:45.472+01:00  INFO 63206 --- [notification-service] [           main] [                                                 ] o.a.k.clients.consumer.ConsumerConfig    : ConsumerConfig values: 
	allow.auto.create.topics = true
	auto.commit.interval.ms = 5000
	auto.include.jmx.reporter = true
	auto.offset.reset = earliest
	bootstrap.servers = [localhost:9092]
	check.crcs = true
	client.dns.lookup = use_all_dns_ips
	client.id = consumer-paymentGroup,orderGroup-1
	client.rack = 
	connections.max.idle.ms = 540000
	default.api.timeout.ms = 60000
	enable.auto.commit = false
	exclude.internal.topics = true
	fetch.max.bytes = 52428800
	fetch.max.wait.ms = 500
	fetch.min.bytes = 1
	group.id = paymentGroup,orderGroup
	group.instance.id = null
	heartbeat.interval.ms = 3000
	interceptor.classes = []
	internal.leave.group.on.close = true
	internal.throw.on.fetch.stable.offset.unsupported = false
	isolation.level = read_uncommitted
	key.deserializer = class org.apache.kafka.common.serialization.StringDeserializer
	max.partition.fetch.bytes = 1048576
	max.poll.interval.ms = 300000
	max.poll.records = 500
	metadata.max.age.ms = 300000
	metric.reporters = []
	metrics.num.samples = 2
	metrics.recording.level = INFO
	metrics.sample.window.ms = 30000
	partition.assignment.strategy = [class org.apache.kafka.clients.consumer.RangeAssignor, class org.apache.kafka.clients.consumer.CooperativeStickyAssignor]
	receive.buffer.bytes = 65536
	reconnect.backoff.max.ms = 1000
	reconnect.backoff.ms = 50
	request.timeout.ms = 30000
	retry.backoff.ms = 100
	sasl.client.callback.handler.class = null
	sasl.jaas.config = null
	sasl.kerberos.kinit.cmd = /usr/bin/kinit
	sasl.kerberos.min.time.before.relogin = 60000
	sasl.kerberos.service.name = null
	sasl.kerberos.ticket.renew.jitter = 0.05
	sasl.kerberos.ticket.renew.window.factor = 0.8
	sasl.login.callback.handler.class = null
	sasl.login.class = null
	sasl.login.connect.timeout.ms = null
	sasl.login.read.timeout.ms = null
	sasl.login.refresh.buffer.seconds = 300
	sasl.login.refresh.min.period.seconds = 60
	sasl.login.refresh.window.factor = 0.8
	sasl.login.refresh.window.jitter = 0.05
	sasl.login.retry.backoff.max.ms = 10000
	sasl.login.retry.backoff.ms = 100
	sasl.mechanism = GSSAPI
	sasl.oauthbearer.clock.skew.seconds = 30
	sasl.oauthbearer.expected.audience = null
	sasl.oauthbearer.expected.issuer = null
	sasl.oauthbearer.jwks.endpoint.refresh.ms = 3600000
	sasl.oauthbearer.jwks.endpoint.retry.backoff.max.ms = 10000
	sasl.oauthbearer.jwks.endpoint.retry.backoff.ms = 100
	sasl.oauthbearer.jwks.endpoint.url = null
	sasl.oauthbearer.scope.claim.name = scope
	sasl.oauthbearer.sub.claim.name = sub
	sasl.oauthbearer.token.endpoint.url = null
	security.protocol = PLAINTEXT
	security.providers = null
	send.buffer.bytes = 131072
	session.timeout.ms = 45000
	socket.connection.setup.timeout.max.ms = 30000
	socket.connection.setup.timeout.ms = 10000
	ssl.cipher.suites = null
	ssl.enabled.protocols = [TLSv1.2, TLSv1.3]
	ssl.endpoint.identification.algorithm = https
	ssl.engine.factory.class = null
	ssl.key.password = null
	ssl.keymanager.algorithm = SunX509
	ssl.keystore.certificate.chain = null
	ssl.keystore.key = null
	ssl.keystore.location = null
	ssl.keystore.password = null
	ssl.keystore.type = JKS
	ssl.protocol = TLSv1.3
	ssl.provider = null
	ssl.secure.random.implementation = null
	ssl.trustmanager.algorithm = PKIX
	ssl.truststore.certificates = null
	ssl.truststore.location = null
	ssl.truststore.password = null
	ssl.truststore.type = JKS
	value.deserializer = class org.springframework.kafka.support.serializer.JsonDeserializer

2026-09-17T12:59:46.477+01:00  INFO 63206 --- [notification-service] [           main] [                                                 ] o.a.kafka.common.utils.AppInfoParser     : Kafka version: 3.6.2
2026-09-17T12:59:46.477+01:00  INFO 63206 --- [notification-service] [           main] [                                                 ] o.a.kafka.common.utils.AppInfoParser     : Kafka commitId: c4deed513057c94e
2026-09-17T12:59:46.477+01:00  INFO 63206 --- [notification-service] [           main] [                                                 ] o.a.kafka.common.utils.AppInfoParser     : Kafka startTimeMs: 1789646386354
2026-09-17T12:59:46.518+01:00  INFO 63206 --- [notification-service] [           main] [                                                 ] fkaConsumerFactory$ExtendedKafkaConsumer : [Consumer clientId=consumer-paymentGroup,orderGroup-1, groupId=paymentGroup,orderGroup] Subscribed to topic(s): payment-topic
2026-09-17T12:59:46.650+01:00  INFO 63206 --- [notification-service] [           main] [                                                 ] o.a.k.clients.consumer.ConsumerConfig    : ConsumerConfig values: 
	allow.auto.create.topics = true
	auto.commit.interval.ms = 5000
	auto.include.jmx.reporter = true
	auto.offset.reset = earliest
	bootstrap.servers = [localhost:9092]
	check.crcs = true
	client.dns.lookup = use_all_dns_ips
	client.id = consumer-paymentGroup,orderGroup-2
	client.rack = 
	connections.max.idle.ms = 540000
	default.api.timeout.ms = 60000
	enable.auto.commit = false
	exclude.internal.topics = true
	fetch.max.bytes = 52428800
	fetch.max.wait.ms = 500
	fetch.min.bytes = 1
	group.id = paymentGroup,orderGroup
	group.instance.id = null
	heartbeat.interval.ms = 3000
	interceptor.classes = []
	internal.leave.group.on.close = true
	internal.throw.on.fetch.stable.offset.unsupported = false
	isolation.level = read_uncommitted
	key.deserializer = class org.apache.kafka.common.serialization.StringDeserializer
	max.partition.fetch.bytes = 1048576
	max.poll.interval.ms = 300000
	max.poll.records = 500
	metadata.max.age.ms = 300000
	metric.reporters = []
	metrics.num.samples = 2
	metrics.recording.level = INFO
	metrics.sample.window.ms = 30000
	partition.assignment.strategy = [class org.apache.kafka.clients.consumer.RangeAssignor, class org.apache.kafka.clients.consumer.CooperativeStickyAssignor]
	receive.buffer.bytes = 65536
	reconnect.backoff.max.ms = 1000
	reconnect.backoff.ms = 50
	request.timeout.ms = 30000
	retry.backoff.ms = 100
	sasl.client.callback.handler.class = null
	sasl.jaas.config = null
	sasl.kerberos.kinit.cmd = /usr/bin/kinit
	sasl.kerberos.min.time.before.relogin = 60000
	sasl.kerberos.service.name = null
	sasl.kerberos.ticket.renew.jitter = 0.05
	sasl.kerberos.ticket.renew.window.factor = 0.8
	sasl.login.callback.handler.class = null
	sasl.login.class = null
	sasl.login.connect.timeout.ms = null
	sasl.login.read.timeout.ms = null
	sasl.login.refresh.buffer.seconds = 300
	sasl.login.refresh.min.period.seconds = 60
	sasl.login.refresh.window.factor = 0.8
	sasl.login.refresh.window.jitter = 0.05
	sasl.login.retry.backoff.max.ms = 10000
	sasl.login.retry.backoff.ms = 100
	sasl.mechanism = GSSAPI
	sasl.oauthbearer.clock.skew.seconds = 30
	sasl.oauthbearer.expected.audience = null
	sasl.oauthbearer.expected.issuer = null
	sasl.oauthbearer.jwks.endpoint.refresh.ms = 3600000
	sasl.oauthbearer.jwks.endpoint.retry.backoff.max.ms = 10000
	sasl.oauthbearer.jwks.endpoint.retry.backoff.ms = 100
	sasl.oauthbearer.jwks.endpoint.url = null
	sasl.oauthbearer.scope.claim.name = scope
	sasl.oauthbearer.sub.claim.name = sub
	sasl.oauthbearer.token.endpoint.url = null
	security.protocol = PLAINTEXT
	security.providers = null
	send.buffer.bytes = 131072
	session.timeout.ms = 45000
	socket.connection.setup.timeout.max.ms = 30000
	socket.connection.setup.timeout.ms = 10000
	ssl.cipher.suites = null
	ssl.enabled.protocols = [TLSv1.2, TLSv1.3]
	ssl.endpoint.identification.algorithm = https
	ssl.engine.factory.class = null
	ssl.key.password = null
	ssl.keymanager.algorithm = SunX509
	ssl.keystore.certificate.chain = null
	ssl.keystore.key = null
	ssl.keystore.location = null
	ssl.keystore.password = null
	ssl.keystore.type = JKS
	ssl.protocol = TLSv1.3
	ssl.provider = null
	ssl.secure.random.implementation = null
	ssl.trustmanager.algorithm = PKIX
	ssl.truststore.certificates = null
	ssl.truststore.location = null
	ssl.truststore.password = null
	ssl.truststore.type = JKS
	value.deserializer = class org.springframework.kafka.support.serializer.JsonDeserializer

2026-09-17T12:59:46.659+01:00  INFO 63206 --- [notification-service] [           main] [                                                 ] o.a.kafka.common.utils.AppInfoParser     : Kafka version: 3.6.2
2026-09-17T12:59:46.659+01:00  INFO 63206 --- [notification-service] [           main] [                                                 ] o.a.kafka.common.utils.AppInfoParser     : Kafka commitId: c4deed513057c94e
2026-09-17T12:59:46.659+01:00  INFO 63206 --- [notification-service] [           main] [                                                 ] o.a.kafka.common.utils.AppInfoParser     : Kafka startTimeMs: 1789646386659
2026-09-17T12:59:46.838+01:00  INFO 63206 --- [notification-service] [           main] [                                                 ] fkaConsumerFactory$ExtendedKafkaConsumer : [Consumer clientId=consumer-paymentGroup,orderGroup-2, groupId=paymentGroup,orderGroup] Subscribed to topic(s): order-topic
2026-09-17T12:59:46.978+01:00  INFO 63206 --- [notification-service] [           main] [                                                 ] c.f.ecommerce.NotificationApplication    : Started NotificationApplication in 37.739 seconds (process running for 40.673)
2026-09-17T12:59:49.427+01:00  INFO 63206 --- [notification-service] [ntainer#0-0-C-1] [                                                 ] org.apache.kafka.clients.Metadata        : [Consumer clientId=consumer-paymentGroup,orderGroup-1, groupId=paymentGroup,orderGroup] Cluster ID: WJ8p2WlMQF2LmJX09-cQaw
2026-09-17T12:59:49.429+01:00  INFO 63206 --- [notification-service] [ntainer#0-0-C-1] [                                                 ] o.a.k.c.c.internals.ConsumerCoordinator  : [Consumer clientId=consumer-paymentGroup,orderGroup-1, groupId=paymentGroup,orderGroup] Discovered group coordinator localhost:9092 (id: 2147482646 rack: null)
2026-09-17T12:59:49.431+01:00  INFO 63206 --- [notification-service] [ntainer#0-0-C-1] [                                                 ] o.a.k.c.c.internals.ConsumerCoordinator  : [Consumer clientId=consumer-paymentGroup,orderGroup-1, groupId=paymentGroup,orderGroup] (Re-)joining group
2026-09-17T12:59:49.438+01:00  INFO 63206 --- [notification-service] [ntainer#1-0-C-1] [                                                 ] org.apache.kafka.clients.Metadata        : [Consumer clientId=consumer-paymentGroup,orderGroup-2, groupId=paymentGroup,orderGroup] Cluster ID: WJ8p2WlMQF2LmJX09-cQaw
2026-09-17T12:59:49.439+01:00  INFO 63206 --- [notification-service] [ntainer#1-0-C-1] [                                                 ] o.a.k.c.c.internals.ConsumerCoordinator  : [Consumer clientId=consumer-paymentGroup,orderGroup-2, groupId=paymentGroup,orderGroup] Discovered group coordinator localhost:9092 (id: 2147482646 rack: null)
2026-09-17T12:59:49.441+01:00  INFO 63206 --- [notification-service] [ntainer#1-0-C-1] [                                                 ] o.a.k.c.c.internals.ConsumerCoordinator  : [Consumer clientId=consumer-paymentGroup,orderGroup-2, groupId=paymentGroup,orderGroup] (Re-)joining group
2026-09-17T12:59:49.480+01:00  INFO 63206 --- [notification-service] [ntainer#1-0-C-1] [                                                 ] o.a.k.c.c.internals.ConsumerCoordinator  : [Consumer clientId=consumer-paymentGroup,orderGroup-2, groupId=paymentGroup,orderGroup] Request joining group due to: need to re-join with the given member-id: consumer-paymentGroup,orderGroup-2-704f90ff-6adb-4dd4-9e9a-5e7bf6716ebf
2026-09-17T12:59:49.481+01:00  INFO 63206 --- [notification-service] [ntainer#1-0-C-1] [                                                 ] o.a.k.c.c.internals.ConsumerCoordinator  : [Consumer clientId=consumer-paymentGroup,orderGroup-2, groupId=paymentGroup,orderGroup] Request joining group due to: rebalance failed due to 'The group member needs to have a valid member id before actually entering a consumer group.' (MemberIdRequiredException)
2026-09-17T12:59:49.481+01:00  INFO 63206 --- [notification-service] [ntainer#1-0-C-1] [                                                 ] o.a.k.c.c.internals.ConsumerCoordinator  : [Consumer clientId=consumer-paymentGroup,orderGroup-2, groupId=paymentGroup,orderGroup] (Re-)joining group
2026-09-17T12:59:49.481+01:00  INFO 63206 --- [notification-service] [ntainer#0-0-C-1] [                                                 ] o.a.k.c.c.internals.ConsumerCoordinator  : [Consumer clientId=consumer-paymentGroup,orderGroup-1, groupId=paymentGroup,orderGroup] Request joining group due to: need to re-join with the given member-id: consumer-paymentGroup,orderGroup-1-b8af23df-2e38-43e6-8b3c-a6704cfd6bf7
2026-09-17T12:59:49.481+01:00  INFO 63206 --- [notification-service] [ntainer#0-0-C-1] [                                                 ] o.a.k.c.c.internals.ConsumerCoordinator  : [Consumer clientId=consumer-paymentGroup,orderGroup-1, groupId=paymentGroup,orderGroup] Request joining group due to: rebalance failed due to 'The group member needs to have a valid member id before actually entering a consumer group.' (MemberIdRequiredException)
2026-09-17T12:59:49.482+01:00  INFO 63206 --- [notification-service] [ntainer#0-0-C-1] [                                                 ] o.a.k.c.c.internals.ConsumerCoordinator  : [Consumer clientId=consumer-paymentGroup,orderGroup-1, groupId=paymentGroup,orderGroup] (Re-)joining group
2026-09-17T12:59:52.796+01:00  INFO 63206 --- [notification-service] [ntainer#1-0-C-1] [                                                 ] o.a.k.c.c.internals.ConsumerCoordinator  : [Consumer clientId=consumer-paymentGroup,orderGroup-2, groupId=paymentGroup,orderGroup] Successfully joined group with generation Generation{generationId=18, memberId='consumer-paymentGroup,orderGroup-2-704f90ff-6adb-4dd4-9e9a-5e7bf6716ebf', protocol='range'}
2026-09-17T12:59:52.797+01:00  INFO 63206 --- [notification-service] [ntainer#0-0-C-1] [                                                 ] o.a.k.c.c.internals.ConsumerCoordinator  : [Consumer clientId=consumer-paymentGroup,orderGroup-1, groupId=paymentGroup,orderGroup] Successfully joined group with generation Generation{generationId=18, memberId='consumer-paymentGroup,orderGroup-1-b8af23df-2e38-43e6-8b3c-a6704cfd6bf7', protocol='range'}
2026-09-17T12:59:52.816+01:00  INFO 63206 --- [notification-service] [ntainer#1-0-C-1] [                                                 ] o.a.k.c.c.internals.ConsumerCoordinator  : [Consumer clientId=consumer-paymentGroup,orderGroup-2, groupId=paymentGroup,orderGroup] Finished assignment for group at generation 18: {consumer-paymentGroup,orderGroup-2-704f90ff-6adb-4dd4-9e9a-5e7bf6716ebf=Assignment(partitions=[order-topic-0]), consumer-paymentGroup,orderGroup-1-b8af23df-2e38-43e6-8b3c-a6704cfd6bf7=Assignment(partitions=[payment-topic-0])}
2026-09-17T12:59:52.920+01:00  INFO 63206 --- [notification-service] [ntainer#0-0-C-1] [                                                 ] o.a.k.c.c.internals.ConsumerCoordinator  : [Consumer clientId=consumer-paymentGroup,orderGroup-1, groupId=paymentGroup,orderGroup] Successfully synced group in generation Generation{generationId=18, memberId='consumer-paymentGroup,orderGroup-1-b8af23df-2e38-43e6-8b3c-a6704cfd6bf7', protocol='range'}
2026-09-17T12:59:52.921+01:00  INFO 63206 --- [notification-service] [ntainer#1-0-C-1] [                                                 ] o.a.k.c.c.internals.ConsumerCoordinator  : [Consumer clientId=consumer-paymentGroup,orderGroup-2, groupId=paymentGroup,orderGroup] Successfully synced group in generation Generation{generationId=18, memberId='consumer-paymentGroup,orderGroup-2-704f90ff-6adb-4dd4-9e9a-5e7bf6716ebf', protocol='range'}
2026-09-17T12:59:52.921+01:00  INFO 63206 --- [notification-service] [ntainer#1-0-C-1] [                                                 ] o.a.k.c.c.internals.ConsumerCoordinator  : [Consumer clientId=consumer-paymentGroup,orderGroup-2, groupId=paymentGroup,orderGroup] Notifying assignor about the new Assignment(partitions=[order-topic-0])
2026-09-17T12:59:52.921+01:00  INFO 63206 --- [notification-service] [ntainer#0-0-C-1] [                                                 ] o.a.k.c.c.internals.ConsumerCoordinator  : [Consumer clientId=consumer-paymentGroup,orderGroup-1, groupId=paymentGroup,orderGroup] Notifying assignor about the new Assignment(partitions=[payment-topic-0])
2026-09-17T12:59:52.925+01:00  INFO 63206 --- [notification-service] [ntainer#0-0-C-1] [                                                 ] o.a.k.c.c.internals.ConsumerCoordinator  : [Consumer clientId=consumer-paymentGroup,orderGroup-1, groupId=paymentGroup,orderGroup] Adding newly assigned partitions: payment-topic-0
2026-09-17T12:59:52.925+01:00  INFO 63206 --- [notification-service] [ntainer#1-0-C-1] [                                                 ] o.a.k.c.c.internals.ConsumerCoordinator  : [Consumer clientId=consumer-paymentGroup,orderGroup-2, groupId=paymentGroup,orderGroup] Adding newly assigned partitions: order-topic-0
2026-09-17T12:59:52.954+01:00  INFO 63206 --- [notification-service] [ntainer#0-0-C-1] [                                                 ] o.a.k.c.c.internals.ConsumerCoordinator  : [Consumer clientId=consumer-paymentGroup,orderGroup-1, groupId=paymentGroup,orderGroup] Setting offset for partition payment-topic-0 to the committed offset FetchPosition{offset=1, offsetEpoch=Optional.empty, currentLeader=LeaderAndEpoch{leader=Optional[localhost:9092 (id: 1001 rack: null)], epoch=0}}
2026-09-17T12:59:52.955+01:00  INFO 63206 --- [notification-service] [ntainer#1-0-C-1] [                                                 ] o.a.k.c.c.internals.ConsumerCoordinator  : [Consumer clientId=consumer-paymentGroup,orderGroup-2, groupId=paymentGroup,orderGroup] Setting offset for partition order-topic-0 to the committed offset FetchPosition{offset=1, offsetEpoch=Optional.empty, currentLeader=LeaderAndEpoch{leader=Optional[localhost:9092 (id: 1001 rack: null)], epoch=0}}
2026-09-17T12:59:52.956+01:00  INFO 63206 --- [notification-service] [ntainer#0-0-C-1] [                                                 ] o.s.k.l.KafkaMessageListenerContainer    : paymentGroup,orderGroup: partitions assigned: [payment-topic-0]
2026-09-17T12:59:52.956+01:00  INFO 63206 --- [notification-service] [ntainer#1-0-C-1] [                                                 ] o.s.k.l.KafkaMessageListenerContainer    : paymentGroup,orderGroup: partitions assigned: [order-topic-0]
2026-09-17T13:04:43.775+01:00  INFO 63206 --- [notification-service] [trap-executor-0] [                                                 ] c.n.d.s.r.aws.ConfigClusterResolver      : Resolving eureka endpoints via configuration
2026-09-17T13:08:49.863+01:00  INFO 63206 --- [notification-service] [ntainer#0-0-C-1] [                                                 ] org.apache.kafka.clients.NetworkClient   : [Consumer clientId=consumer-paymentGroup,orderGroup-1, groupId=paymentGroup,orderGroup] Node -1 disconnected.
2026-09-17T13:08:49.863+01:00  INFO 63206 --- [notification-service] [ntainer#1-0-C-1] [                                                 ] org.apache.kafka.clients.NetworkClient   : [Consumer clientId=consumer-paymentGroup,orderGroup-2, groupId=paymentGroup,orderGroup] Node -1 disconnected.
2026-09-17T13:09:43.630+01:00  INFO 63206 --- [notification-service] [trap-executor-0] [                                                 ] c.n.d.s.r.aws.ConfigClusterResolver      : Resolving eureka endpoints via configuration
2026-09-17T13:14:43.641+01:00  INFO 63206 --- [notification-service] [trap-executor-0] [                                                 ] c.n.d.s.r.aws.ConfigClusterResolver      : Resolving eureka endpoints via configuration
2026-09-17T13:19:43.650+01:00  INFO 63206 --- [notification-service] [trap-executor-0] [                                                 ] c.n.d.s.r.aws.ConfigClusterResolver      : Resolving eureka endpoints via configuration
2026-09-17T13:24:43.673+01:00  INFO 63206 --- [notification-service] [trap-executor-0] [                                                 ] c.n.d.s.r.aws.ConfigClusterResolver      : Resolving eureka endpoints via configuration
2026-09-17T13:29:43.695+01:00  INFO 63206 --- [notification-service] [trap-executor-0] [                                                 ] c.n.d.s.r.aws.ConfigClusterResolver      : Resolving eureka endpoints via configuration
2026-09-17T13:34:43.710+01:00  INFO 63206 --- [notification-service] [trap-executor-0] [                                                 ] c.n.d.s.r.aws.ConfigClusterResolver      : Resolving eureka endpoints via configuration
2026-09-17T13:39:43.731+01:00  INFO 63206 --- [notification-service] [trap-executor-0] [                                                 ] c.n.d.s.r.aws.ConfigClusterResolver      : Resolving eureka endpoints via configuration
