
  .   ____          _            __ _ _
 /\\ / ___'_ __ _ _(_)_ __  __ _ \ \ \ \
( ( )\___ | '_ | '_| | '_ \/ _` | \ \ \ \
 \\/  ___)| |_)| | | | | || (_| |  ) ) ) )
  '  |____| .__|_| |_|_| |_\__, | / / / /
 =========|_|==============|___/=/_/_/_/
 :: Spring Boot ::                (v3.2.5)

2026-09-17T11:48:29.966+01:00  INFO 3004 --- [payment-service] [           main] [                                                 ] c.franck.ecommerce.PaymentApplication    : Starting PaymentApplication v0.0.1-SNAPSHOT using Java 17.0.20.1 with PID 3004 (C:\Users\SAMA_PC\Desktop\,\PROJETS K48\GESTION DE STOCK\gestion-stock\services\payment\target\payment-0.0.1-SNAPSHOT.jar started by SAMA_PC in C:\Users\SAMA_PC\Desktop\,\PROJETS K48\GESTION DE STOCK\gestion-stock\services\payment)
2026-09-17T11:48:29.975+01:00  INFO 3004 --- [payment-service] [           main] [                                                 ] c.franck.ecommerce.PaymentApplication    : No active profile set, falling back to 1 default profile: "default"
2026-09-17T11:48:30.168+01:00  INFO 3004 --- [payment-service] [           main] [                                                 ] o.s.c.c.c.ConfigServerConfigDataLoader   : Fetching config from server at : http://localhost:8888
2026-09-17T11:48:30.168+01:00  INFO 3004 --- [payment-service] [           main] [                                                 ] o.s.c.c.c.ConfigServerConfigDataLoader   : Located environment: name=payment-service, profiles=[default], label=null, version=null, state=null
2026-09-17T11:48:32.990+01:00  INFO 3004 --- [payment-service] [           main] [                                                 ] .s.d.r.c.RepositoryConfigurationDelegate : Bootstrapping Spring Data JPA repositories in DEFAULT mode.
2026-09-17T11:48:33.327+01:00  INFO 3004 --- [payment-service] [           main] [                                                 ] .s.d.r.c.RepositoryConfigurationDelegate : Finished Spring Data repository scanning in 323 ms. Found 1 JPA repository interface.
2026-09-17T11:48:34.097+01:00  INFO 3004 --- [payment-service] [           main] [                                                 ] o.s.cloud.context.scope.GenericScope     : BeanFactory id=cf4f083e-b69a-3d74-9905-2441b9b2e565
2026-09-17T11:48:34.653+01:00  WARN 3004 --- [payment-service] [           main] [                                                 ] trationDelegate$BeanPostProcessorChecker : Bean 'org.springframework.cloud.client.loadbalancer.LoadBalancerAutoConfiguration$DeferringLoadBalancerInterceptorConfig' of type [org.springframework.cloud.client.loadbalancer.LoadBalancerAutoConfiguration$DeferringLoadBalancerInterceptorConfig] is not eligible for getting processed by all BeanPostProcessors (for example: not eligible for auto-proxying). The currently created BeanPostProcessor [lbRestClientPostProcessor] is declared through a non-static factory method on that class; consider declaring it as static instead.
2026-09-17T11:48:34.658+01:00  WARN 3004 --- [payment-service] [           main] [                                                 ] trationDelegate$BeanPostProcessorChecker : Bean 'deferringLoadBalancerInterceptor' of type [org.springframework.cloud.client.loadbalancer.DeferringLoadBalancerInterceptor] is not eligible for getting processed by all BeanPostProcessors (for example: not eligible for auto-proxying). Is this bean getting eagerly injected into a currently created BeanPostProcessor [lbRestClientPostProcessor]? Check the corresponding BeanPostProcessor declaration and its dependencies.
2026-09-17T11:48:35.217+01:00  INFO 3004 --- [payment-service] [           main] [                                                 ] o.s.b.w.embedded.tomcat.TomcatWebServer  : Tomcat initialized with port 8060 (http)
2026-09-17T11:48:35.240+01:00  INFO 3004 --- [payment-service] [           main] [                                                 ] o.apache.catalina.core.StandardService   : Starting service [Tomcat]
2026-09-17T11:48:35.241+01:00  INFO 3004 --- [payment-service] [           main] [                                                 ] o.apache.catalina.core.StandardEngine    : Starting Servlet engine: [Apache Tomcat/10.1.20]
2026-09-17T11:48:35.329+01:00  INFO 3004 --- [payment-service] [           main] [                                                 ] o.a.c.c.C.[Tomcat].[localhost].[/]       : Initializing Spring embedded WebApplicationContext
2026-09-17T11:48:35.331+01:00  INFO 3004 --- [payment-service] [           main] [                                                 ] w.s.c.ServletWebServerApplicationContext : Root WebApplicationContext: initialization completed in 5155 ms
2026-09-17T11:48:37.510+01:00  INFO 3004 --- [payment-service] [           main] [                                                 ] o.f.c.internal.license.VersionPrinter    : Flyway Community Edition 9.22.3 by Redgate
2026-09-17T11:48:37.510+01:00  INFO 3004 --- [payment-service] [           main] [                                                 ] o.f.c.internal.license.VersionPrinter    : See release notes here: https://rd.gt/416ObMi
2026-09-17T11:48:37.511+01:00  INFO 3004 --- [payment-service] [           main] [                                                 ] o.f.c.internal.license.VersionPrinter    : 
2026-09-17T11:48:37.593+01:00  INFO 3004 --- [payment-service] [           main] [                                                 ] org.flywaydb.core.FlywayExecutor         : Database: jdbc:postgresql://localhost:5433/payment (PostgreSQL 18.6)
2026-09-17T11:48:37.621+01:00  WARN 3004 --- [payment-service] [           main] [                                                 ] o.f.c.internal.database.base.Database    : Flyway upgrade recommended: PostgreSQL 18.6 is newer than this version of Flyway and support has not been tested. The latest supported version of PostgreSQL is 15.
2026-09-17T11:48:37.732+01:00  INFO 3004 --- [payment-service] [           main] [                                                 ] o.f.core.internal.command.DbValidate     : Successfully validated 1 migration (execution time 00:00.071s)
2026-09-17T11:48:37.819+01:00  INFO 3004 --- [payment-service] [           main] [                                                 ] o.f.core.internal.command.DbMigrate      : Current version of schema "public": 1
2026-09-17T11:48:37.827+01:00  INFO 3004 --- [payment-service] [           main] [                                                 ] o.f.core.internal.command.DbMigrate      : Schema "public" is up to date. No migration necessary.
2026-09-17T11:48:38.054+01:00  INFO 3004 --- [payment-service] [           main] [                                                 ] o.hibernate.jpa.internal.util.LogHelper  : HHH000204: Processing PersistenceUnitInfo [name: default]
2026-09-17T11:48:38.241+01:00  INFO 3004 --- [payment-service] [           main] [                                                 ] org.hibernate.Version                    : HHH000412: Hibernate ORM core version 6.4.4.Final
2026-09-17T11:48:38.335+01:00  INFO 3004 --- [payment-service] [           main] [                                                 ] o.h.c.internal.RegionFactoryInitiator    : HHH000026: Second-level cache disabled
2026-09-17T11:48:38.910+01:00  INFO 3004 --- [payment-service] [           main] [                                                 ] o.s.o.j.p.SpringPersistenceUnitInfo      : No LoadTimeWeaver setup: ignoring JPA class transformer
2026-09-17T11:48:38.976+01:00  INFO 3004 --- [payment-service] [           main] [                                                 ] com.zaxxer.hikari.HikariDataSource       : HikariPool-1 - Starting...
2026-09-17T11:48:39.031+01:00  INFO 3004 --- [payment-service] [           main] [                                                 ] com.zaxxer.hikari.pool.HikariPool        : HikariPool-1 - Added connection org.postgresql.jdbc.PgConnection@58a9e64d
2026-09-17T11:48:39.034+01:00  INFO 3004 --- [payment-service] [           main] [                                                 ] com.zaxxer.hikari.HikariDataSource       : HikariPool-1 - Start completed.
2026-09-17T11:48:39.110+01:00  WARN 3004 --- [payment-service] [           main] [                                                 ] org.hibernate.orm.deprecation            : HHH90000025: PostgreSQLDialect does not need to be specified explicitly using 'hibernate.dialect' (remove the property setting and it will be selected by default)
2026-09-17T11:48:41.051+01:00  INFO 3004 --- [payment-service] [           main] [                                                 ] o.h.e.t.j.p.i.JtaPlatformInitiator       : HHH000489: No JTA platform available (set 'hibernate.transaction.jta.platform' to enable JTA platform integration)
2026-09-17T11:48:41.128+01:00  INFO 3004 --- [payment-service] [           main] [                                                 ] j.LocalContainerEntityManagerFactoryBean : Initialized JPA EntityManagerFactory for persistence unit 'default'
2026-09-17T11:48:42.049+01:00  WARN 3004 --- [payment-service] [           main] [                                                 ] JpaBaseConfiguration$JpaWebConfiguration : spring.jpa.open-in-view is enabled by default. Therefore, database queries may be performed during view rendering. Explicitly configure spring.jpa.open-in-view to disable this warning
2026-09-17T11:48:44.401+01:00  INFO 3004 --- [payment-service] [           main] [                                                 ] o.s.cloud.commons.util.InetUtils         : Cannot determine local hostname
2026-09-17T11:48:46.552+01:00  INFO 3004 --- [payment-service] [           main] [                                                 ] o.s.cloud.commons.util.InetUtils         : Cannot determine local hostname
2026-09-17T11:48:46.600+01:00  INFO 3004 --- [payment-service] [           main] [                                                 ] DiscoveryClientOptionalArgsConfiguration : Eureka HTTP Client uses RestTemplate.
2026-09-17T11:48:46.798+01:00  WARN 3004 --- [payment-service] [           main] [                                                 ] iguration$LoadBalancerCaffeineWarnLogger : Spring Cloud LoadBalancer is currently working with the default cache. While this cache implementation is useful for development and tests, it's recommended to use Caffeine cache in production.You can switch to using Caffeine cache, by adding it and org.springframework.cache.caffeine.CaffeineCacheManager to the classpath.
2026-09-17T11:48:46.861+01:00  INFO 3004 --- [payment-service] [           main] [                                                 ] o.s.b.a.e.web.EndpointLinksResolver      : Exposing 1 endpoint(s) beneath base path '/actuator'
2026-09-17T11:48:47.027+01:00  INFO 3004 --- [payment-service] [           main] [                                                 ] o.a.k.clients.admin.AdminClientConfig    : AdminClientConfig values: 
	auto.include.jmx.reporter = true
	bootstrap.servers = [localhost:9092]
	client.dns.lookup = use_all_dns_ips
	client.id = 
	connections.max.idle.ms = 300000
	default.api.timeout.ms = 60000
	metadata.max.age.ms = 300000
	metric.reporters = []
	metrics.num.samples = 2
	metrics.recording.level = INFO
	metrics.sample.window.ms = 30000
	receive.buffer.bytes = 65536
	reconnect.backoff.max.ms = 1000
	reconnect.backoff.ms = 50
	request.timeout.ms = 30000
	retries = 2147483647
	retry.backoff.ms = 100
	sasl.client.callback.handler.class = null
	sasl.jaas.config = null
	sasl.kerberos.kinit.cmd = /usr/bin/kinit
	sasl.kerberos.min.time.before.relogin = 60000
	sasl.kerberos.service.name = null
	sasl.kerberos.ticket.renew.jitter = 0.05
	sasl.kerberos.ticket.renew.window.factor = 0.8
	sasl.login.callback.handler.class = null
	sasl.login.class = null
	sasl.login.connect.timeout.ms = null
	sasl.login.read.timeout.ms = null
	sasl.login.refresh.buffer.seconds = 300
	sasl.login.refresh.min.period.seconds = 60
	sasl.login.refresh.window.factor = 0.8
	sasl.login.refresh.window.jitter = 0.05
	sasl.login.retry.backoff.max.ms = 10000
	sasl.login.retry.backoff.ms = 100
	sasl.mechanism = GSSAPI
	sasl.oauthbearer.clock.skew.seconds = 30
	sasl.oauthbearer.expected.audience = null
	sasl.oauthbearer.expected.issuer = null
	sasl.oauthbearer.jwks.endpoint.refresh.ms = 3600000
	sasl.oauthbearer.jwks.endpoint.retry.backoff.max.ms = 10000
	sasl.oauthbearer.jwks.endpoint.retry.backoff.ms = 100
	sasl.oauthbearer.jwks.endpoint.url = null
	sasl.oauthbearer.scope.claim.name = scope
	sasl.oauthbearer.sub.claim.name = sub
	sasl.oauthbearer.token.endpoint.url = null
	security.protocol = PLAINTEXT
	security.providers = null
	send.buffer.bytes = 131072
	socket.connection.setup.timeout.max.ms = 30000
	socket.connection.setup.timeout.ms = 10000
	ssl.cipher.suites = null
	ssl.enabled.protocols = [TLSv1.2, TLSv1.3]
	ssl.endpoint.identification.algorithm = https
	ssl.engine.factory.class = null
	ssl.key.password = null
	ssl.keymanager.algorithm = SunX509
	ssl.keystore.certificate.chain = null
	ssl.keystore.key = null
	ssl.keystore.location = null
	ssl.keystore.password = null
	ssl.keystore.type = JKS
	ssl.protocol = TLSv1.3
	ssl.provider = null
	ssl.secure.random.implementation = null
	ssl.trustmanager.algorithm = PKIX
	ssl.truststore.certificates = null
	ssl.truststore.location = null
	ssl.truststore.password = null
	ssl.truststore.type = JKS

2026-09-17T11:48:47.251+01:00  INFO 3004 --- [payment-service] [           main] [                                                 ] o.a.kafka.common.utils.AppInfoParser     : Kafka version: 3.6.2
2026-09-17T11:48:47.251+01:00  INFO 3004 --- [payment-service] [           main] [                                                 ] o.a.kafka.common.utils.AppInfoParser     : Kafka commitId: c4deed513057c94e
2026-09-17T11:48:47.251+01:00  INFO 3004 --- [payment-service] [           main] [                                                 ] o.a.kafka.common.utils.AppInfoParser     : Kafka startTimeMs: 1789642127248
2026-09-17T11:48:47.286+01:00  INFO 3004 --- [payment-service] [| adminclient-1] [                                                 ] org.apache.kafka.clients.NetworkClient   : [AdminClient clientId=adminclient-1] Node -1 disconnected.
2026-09-17T11:48:47.289+01:00  WARN 3004 --- [payment-service] [| adminclient-1] [                                                 ] org.apache.kafka.clients.NetworkClient   : [AdminClient clientId=adminclient-1] Connection to node -1 (localhost/127.0.0.1:9092) could not be established. Broker may not be available.
2026-09-17T11:48:47.398+01:00  INFO 3004 --- [payment-service] [| adminclient-1] [                                                 ] org.apache.kafka.clients.NetworkClient   : [AdminClient clientId=adminclient-1] Node -1 disconnected.
2026-09-17T11:48:47.399+01:00  WARN 3004 --- [payment-service] [| adminclient-1] [                                                 ] org.apache.kafka.clients.NetworkClient   : [AdminClient clientId=adminclient-1] Connection to node -1 (localhost/127.0.0.1:9092) could not be established. Broker may not be available.
2026-09-17T11:48:47.509+01:00  INFO 3004 --- [payment-service] [| adminclient-1] [                                                 ] org.apache.kafka.clients.NetworkClient   : [AdminClient clientId=adminclient-1] Node -1 disconnected.
2026-09-17T11:48:47.509+01:00  WARN 3004 --- [payment-service] [| adminclient-1] [                                                 ] org.apache.kafka.clients.NetworkClient   : [AdminClient clientId=adminclient-1] Connection to node -1 (localhost/127.0.0.1:9092) could not be established. Broker may not be available.
2026-09-17T11:48:47.729+01:00  INFO 3004 --- [payment-service] [| adminclient-1] [                                                 ] org.apache.kafka.clients.NetworkClient   : [AdminClient clientId=adminclient-1] Node -1 disconnected.
2026-09-17T11:48:47.729+01:00  WARN 3004 --- [payment-service] [| adminclient-1] [                                                 ] org.apache.kafka.clients.NetworkClient   : [AdminClient clientId=adminclient-1] Connection to node -1 (localhost/127.0.0.1:9092) could not be established. Broker may not be available.
2026-09-17T11:48:48.169+01:00  INFO 3004 --- [payment-service] [| adminclient-1] [                                                 ] org.apache.kafka.clients.NetworkClient   : [AdminClient clientId=adminclient-1] Node -1 disconnected.
2026-09-17T11:48:48.169+01:00  WARN 3004 --- [payment-service] [| adminclient-1] [                                                 ] org.apache.kafka.clients.NetworkClient   : [AdminClient clientId=adminclient-1] Connection to node -1 (localhost/127.0.0.1:9092) could not be established. Broker may not be available.
2026-09-17T11:48:48.932+01:00  INFO 3004 --- [payment-service] [| adminclient-1] [                                                 ] org.apache.kafka.clients.NetworkClient   : [AdminClient clientId=adminclient-1] Node -1 disconnected.
2026-09-17T11:48:48.933+01:00  WARN 3004 --- [payment-service] [| adminclient-1] [                                                 ] org.apache.kafka.clients.NetworkClient   : [AdminClient clientId=adminclient-1] Connection to node -1 (localhost/127.0.0.1:9092) could not be established. Broker may not be available.
2026-09-17T11:48:49.908+01:00  INFO 3004 --- [payment-service] [| adminclient-1] [                                                 ] org.apache.kafka.clients.NetworkClient   : [AdminClient clientId=adminclient-1] Node -1 disconnected.
2026-09-17T11:48:49.908+01:00  WARN 3004 --- [payment-service] [| adminclient-1] [                                                 ] org.apache.kafka.clients.NetworkClient   : [AdminClient clientId=adminclient-1] Connection to node -1 (localhost/127.0.0.1:9092) could not be established. Broker may not be available.
2026-09-17T11:48:50.889+01:00  INFO 3004 --- [payment-service] [| adminclient-1] [                                                 ] org.apache.kafka.clients.NetworkClient   : [AdminClient clientId=adminclient-1] Node -1 disconnected.
2026-09-17T11:48:50.889+01:00  WARN 3004 --- [payment-service] [| adminclient-1] [                                                 ] org.apache.kafka.clients.NetworkClient   : [AdminClient clientId=adminclient-1] Connection to node -1 (localhost/127.0.0.1:9092) could not be established. Broker may not be available.
2026-09-17T11:48:51.978+01:00  INFO 3004 --- [payment-service] [| adminclient-1] [                                                 ] org.apache.kafka.clients.NetworkClient   : [AdminClient clientId=adminclient-1] Node -1 disconnected.
2026-09-17T11:48:51.979+01:00  WARN 3004 --- [payment-service] [| adminclient-1] [                                                 ] org.apache.kafka.clients.NetworkClient   : [AdminClient clientId=adminclient-1] Connection to node -1 (localhost/127.0.0.1:9092) could not be established. Broker may not be available.
2026-09-17T11:48:53.184+01:00  INFO 3004 --- [payment-service] [| adminclient-1] [                                                 ] org.apache.kafka.clients.NetworkClient   : [AdminClient clientId=adminclient-1] Node -1 disconnected.
2026-09-17T11:48:53.185+01:00  WARN 3004 --- [payment-service] [| adminclient-1] [                                                 ] org.apache.kafka.clients.NetworkClient   : [AdminClient clientId=adminclient-1] Connection to node -1 (localhost/127.0.0.1:9092) could not be established. Broker may not be available.
2026-09-17T11:48:54.274+01:00  INFO 3004 --- [payment-service] [| adminclient-1] [                                                 ] org.apache.kafka.clients.NetworkClient   : [AdminClient clientId=adminclient-1] Node -1 disconnected.
2026-09-17T11:48:54.274+01:00  WARN 3004 --- [payment-service] [| adminclient-1] [                                                 ] org.apache.kafka.clients.NetworkClient   : [AdminClient clientId=adminclient-1] Connection to node -1 (localhost/127.0.0.1:9092) could not be established. Broker may not be available.
2026-09-17T11:48:55.252+01:00  INFO 3004 --- [payment-service] [| adminclient-1] [                                                 ] org.apache.kafka.clients.NetworkClient   : [AdminClient clientId=adminclient-1] Node -1 disconnected.
2026-09-17T11:48:55.252+01:00  WARN 3004 --- [payment-service] [| adminclient-1] [                                                 ] org.apache.kafka.clients.NetworkClient   : [AdminClient clientId=adminclient-1] Connection to node -1 (localhost/127.0.0.1:9092) could not be established. Broker may not be available.
2026-09-17T11:48:56.456+01:00  INFO 3004 --- [payment-service] [| adminclient-1] [                                                 ] org.apache.kafka.clients.NetworkClient   : [AdminClient clientId=adminclient-1] Node -1 disconnected.
2026-09-17T11:48:56.456+01:00  WARN 3004 --- [payment-service] [| adminclient-1] [                                                 ] org.apache.kafka.clients.NetworkClient   : [AdminClient clientId=adminclient-1] Connection to node -1 (localhost/127.0.0.1:9092) could not be established. Broker may not be available.
2026-09-17T11:48:57.548+01:00  INFO 3004 --- [payment-service] [| adminclient-1] [                                                 ] org.apache.kafka.clients.NetworkClient   : [AdminClient clientId=adminclient-1] Node -1 disconnected.
2026-09-17T11:48:57.549+01:00  WARN 3004 --- [payment-service] [| adminclient-1] [                                                 ] org.apache.kafka.clients.NetworkClient   : [AdminClient clientId=adminclient-1] Connection to node -1 (localhost/127.0.0.1:9092) could not be established. Broker may not be available.
2026-09-17T11:48:58.424+01:00  INFO 3004 --- [payment-service] [| adminclient-1] [                                                 ] org.apache.kafka.clients.NetworkClient   : [AdminClient clientId=adminclient-1] Node -1 disconnected.
2026-09-17T11:48:58.424+01:00  WARN 3004 --- [payment-service] [| adminclient-1] [                                                 ] org.apache.kafka.clients.NetworkClient   : [AdminClient clientId=adminclient-1] Connection to node -1 (localhost/127.0.0.1:9092) could not be established. Broker may not be available.
2026-09-17T11:48:59.623+01:00  INFO 3004 --- [payment-service] [| adminclient-1] [                                                 ] org.apache.kafka.clients.NetworkClient   : [AdminClient clientId=adminclient-1] Node -1 disconnected.
2026-09-17T11:48:59.623+01:00  WARN 3004 --- [payment-service] [| adminclient-1] [                                                 ] org.apache.kafka.clients.NetworkClient   : [AdminClient clientId=adminclient-1] Connection to node -1 (localhost/127.0.0.1:9092) could not be established. Broker may not be available.
2026-09-17T11:49:00.605+01:00  INFO 3004 --- [payment-service] [| adminclient-1] [                                                 ] org.apache.kafka.clients.NetworkClient   : [AdminClient clientId=adminclient-1] Node -1 disconnected.
2026-09-17T11:49:00.606+01:00  WARN 3004 --- [payment-service] [| adminclient-1] [                                                 ] org.apache.kafka.clients.NetworkClient   : [AdminClient clientId=adminclient-1] Connection to node -1 (localhost/127.0.0.1:9092) could not be established. Broker may not be available.
2026-09-17T11:49:01.586+01:00  INFO 3004 --- [payment-service] [| adminclient-1] [                                                 ] org.apache.kafka.clients.NetworkClient   : [AdminClient clientId=adminclient-1] Node -1 disconnected.
2026-09-17T11:49:01.586+01:00  WARN 3004 --- [payment-service] [| adminclient-1] [                                                 ] org.apache.kafka.clients.NetworkClient   : [AdminClient clientId=adminclient-1] Connection to node -1 (localhost/127.0.0.1:9092) could not be established. Broker may not be available.
2026-09-17T11:49:02.461+01:00  INFO 3004 --- [payment-service] [| adminclient-1] [                                                 ] org.apache.kafka.clients.NetworkClient   : [AdminClient clientId=adminclient-1] Node -1 disconnected.
2026-09-17T11:49:02.461+01:00  WARN 3004 --- [payment-service] [| adminclient-1] [                                                 ] org.apache.kafka.clients.NetworkClient   : [AdminClient clientId=adminclient-1] Connection to node -1 (localhost/127.0.0.1:9092) could not be established. Broker may not be available.
2026-09-17T11:49:03.337+01:00  INFO 3004 --- [payment-service] [| adminclient-1] [                                                 ] org.apache.kafka.clients.NetworkClient   : [AdminClient clientId=adminclient-1] Node -1 disconnected.
2026-09-17T11:49:03.337+01:00  WARN 3004 --- [payment-service] [| adminclient-1] [                                                 ] org.apache.kafka.clients.NetworkClient   : [AdminClient clientId=adminclient-1] Connection to node -1 (localhost/127.0.0.1:9092) could not be established. Broker may not be available.
2026-09-17T11:49:04.321+01:00  INFO 3004 --- [payment-service] [| adminclient-1] [                                                 ] org.apache.kafka.clients.NetworkClient   : [AdminClient clientId=adminclient-1] Node -1 disconnected.
2026-09-17T11:49:04.322+01:00  WARN 3004 --- [payment-service] [| adminclient-1] [                                                 ] org.apache.kafka.clients.NetworkClient   : [AdminClient clientId=adminclient-1] Connection to node -1 (localhost/127.0.0.1:9092) could not be established. Broker may not be available.
2026-09-17T11:49:05.521+01:00  INFO 3004 --- [payment-service] [| adminclient-1] [                                                 ] org.apache.kafka.clients.NetworkClient   : [AdminClient clientId=adminclient-1] Node -1 disconnected.
2026-09-17T11:49:05.521+01:00  WARN 3004 --- [payment-service] [| adminclient-1] [                                                 ] org.apache.kafka.clients.NetworkClient   : [AdminClient clientId=adminclient-1] Connection to node -1 (localhost/127.0.0.1:9092) could not be established. Broker may not be available.
2026-09-17T11:49:06.506+01:00  INFO 3004 --- [payment-service] [| adminclient-1] [                                                 ] org.apache.kafka.clients.NetworkClient   : [AdminClient clientId=adminclient-1] Node -1 disconnected.
2026-09-17T11:49:06.506+01:00  WARN 3004 --- [payment-service] [| adminclient-1] [                                                 ] org.apache.kafka.clients.NetworkClient   : [AdminClient clientId=adminclient-1] Connection to node -1 (localhost/127.0.0.1:9092) could not be established. Broker may not be available.
2026-09-17T11:49:07.485+01:00  INFO 3004 --- [payment-service] [| adminclient-1] [                                                 ] org.apache.kafka.clients.NetworkClient   : [AdminClient clientId=adminclient-1] Node -1 disconnected.
2026-09-17T11:49:07.485+01:00  WARN 3004 --- [payment-service] [| adminclient-1] [                                                 ] org.apache.kafka.clients.NetworkClient   : [AdminClient clientId=adminclient-1] Connection to node -1 (localhost/127.0.0.1:9092) could not be established. Broker may not be available.
2026-09-17T11:49:08.574+01:00  INFO 3004 --- [payment-service] [| adminclient-1] [                                                 ] org.apache.kafka.clients.NetworkClient   : [AdminClient clientId=adminclient-1] Node -1 disconnected.
2026-09-17T11:49:08.574+01:00  WARN 3004 --- [payment-service] [| adminclient-1] [                                                 ] org.apache.kafka.clients.NetworkClient   : [AdminClient clientId=adminclient-1] Connection to node -1 (localhost/127.0.0.1:9092) could not be established. Broker may not be available.
2026-09-17T11:49:09.554+01:00  INFO 3004 --- [payment-service] [| adminclient-1] [                                                 ] org.apache.kafka.clients.NetworkClient   : [AdminClient clientId=adminclient-1] Node -1 disconnected.
2026-09-17T11:49:09.554+01:00  WARN 3004 --- [payment-service] [| adminclient-1] [                                                 ] org.apache.kafka.clients.NetworkClient   : [AdminClient clientId=adminclient-1] Connection to node -1 (localhost/127.0.0.1:9092) could not be established. Broker may not be available.
2026-09-17T11:49:10.533+01:00  INFO 3004 --- [payment-service] [| adminclient-1] [                                                 ] org.apache.kafka.clients.NetworkClient   : [AdminClient clientId=adminclient-1] Node -1 disconnected.
2026-09-17T11:49:10.534+01:00  WARN 3004 --- [payment-service] [| adminclient-1] [                                                 ] org.apache.kafka.clients.NetworkClient   : [AdminClient clientId=adminclient-1] Connection to node -1 (localhost/127.0.0.1:9092) could not be established. Broker may not be available.
2026-09-17T11:49:11.516+01:00  INFO 3004 --- [payment-service] [| adminclient-1] [                                                 ] org.apache.kafka.clients.NetworkClient   : [AdminClient clientId=adminclient-1] Node -1 disconnected.
2026-09-17T11:49:11.516+01:00  WARN 3004 --- [payment-service] [| adminclient-1] [                                                 ] org.apache.kafka.clients.NetworkClient   : [AdminClient clientId=adminclient-1] Connection to node -1 (localhost/127.0.0.1:9092) could not be established. Broker may not be available.
2026-09-17T11:49:12.600+01:00  INFO 3004 --- [payment-service] [| adminclient-1] [                                                 ] org.apache.kafka.clients.NetworkClient   : [AdminClient clientId=adminclient-1] Node -1 disconnected.
2026-09-17T11:49:12.600+01:00  WARN 3004 --- [payment-service] [| adminclient-1] [                                                 ] org.apache.kafka.clients.NetworkClient   : [AdminClient clientId=adminclient-1] Connection to node -1 (localhost/127.0.0.1:9092) could not be established. Broker may not be available.
2026-09-17T11:49:13.584+01:00  INFO 3004 --- [payment-service] [| adminclient-1] [                                                 ] org.apache.kafka.clients.NetworkClient   : [AdminClient clientId=adminclient-1] Node -1 disconnected.
2026-09-17T11:49:13.584+01:00  WARN 3004 --- [payment-service] [| adminclient-1] [                                                 ] org.apache.kafka.clients.NetworkClient   : [AdminClient clientId=adminclient-1] Connection to node -1 (localhost/127.0.0.1:9092) could not be established. Broker may not be available.
2026-09-17T11:49:14.673+01:00  INFO 3004 --- [payment-service] [| adminclient-1] [                                                 ] org.apache.kafka.clients.NetworkClient   : [AdminClient clientId=adminclient-1] Node -1 disconnected.
2026-09-17T11:49:14.673+01:00  WARN 3004 --- [payment-service] [| adminclient-1] [                                                 ] org.apache.kafka.clients.NetworkClient   : [AdminClient clientId=adminclient-1] Connection to node -1 (localhost/127.0.0.1:9092) could not be established. Broker may not be available.
2026-09-17T11:49:15.657+01:00  INFO 3004 --- [payment-service] [| adminclient-1] [                                                 ] org.apache.kafka.clients.NetworkClient   : [AdminClient clientId=adminclient-1] Node -1 disconnected.
2026-09-17T11:49:15.657+01:00  WARN 3004 --- [payment-service] [| adminclient-1] [                                                 ] org.apache.kafka.clients.NetworkClient   : [AdminClient clientId=adminclient-1] Connection to node -1 (localhost/127.0.0.1:9092) could not be established. Broker may not be available.
2026-09-17T11:49:16.751+01:00  INFO 3004 --- [payment-service] [| adminclient-1] [                                                 ] org.apache.kafka.clients.NetworkClient   : [AdminClient clientId=adminclient-1] Node -1 disconnected.
2026-09-17T11:49:16.752+01:00  WARN 3004 --- [payment-service] [| adminclient-1] [                                                 ] org.apache.kafka.clients.NetworkClient   : [AdminClient clientId=adminclient-1] Connection to node -1 (localhost/127.0.0.1:9092) could not be established. Broker may not be available.
2026-09-17T11:49:17.261+01:00  INFO 3004 --- [payment-service] [| adminclient-1] [                                                 ] o.a.k.c.a.i.AdminMetadataManager         : [AdminClient clientId=adminclient-1] Metadata update failed

org.apache.kafka.common.errors.TimeoutException: Timed out waiting for a node assignment. Call: fetchMetadata

2026-09-17T11:49:17.278+01:00 ERROR 3004 --- [payment-service] [           main] [                                                 ] o.springframework.kafka.core.KafkaAdmin  : Could not configure topics

org.springframework.kafka.KafkaException: Timed out waiting to get existing topics
	at org.springframework.kafka.core.KafkaAdmin.lambda$checkPartitions$11(KafkaAdmin.java:520) ~[spring-kafka-3.1.4.jar!/:3.1.4]
	at java.base/java.util.HashMap.forEach(HashMap.java:1421) ~[na:na]
	at org.springframework.kafka.core.KafkaAdmin.checkPartitions(KafkaAdmin.java:499) ~[spring-kafka-3.1.4.jar!/:3.1.4]
	at org.springframework.kafka.core.KafkaAdmin.addOrModifyTopicsIfNeeded(KafkaAdmin.java:392) ~[spring-kafka-3.1.4.jar!/:3.1.4]
	at org.springframework.kafka.core.KafkaAdmin.initialize(KafkaAdmin.java:258) ~[spring-kafka-3.1.4.jar!/:3.1.4]
	at org.springframework.kafka.core.KafkaAdmin.afterSingletonsInstantiated(KafkaAdmin.java:222) ~[spring-kafka-3.1.4.jar!/:3.1.4]
	at org.springframework.beans.factory.support.DefaultListableBeanFactory.preInstantiateSingletons(DefaultListableBeanFactory.java:986) ~[spring-beans-6.1.6.jar!/:6.1.6]
	at org.springframework.context.support.AbstractApplicationContext.finishBeanFactoryInitialization(AbstractApplicationContext.java:962) ~[spring-context-6.1.6.jar!/:6.1.6]
	at org.springframework.context.support.AbstractApplicationContext.refresh(AbstractApplicationContext.java:624) ~[spring-context-6.1.6.jar!/:6.1.6]
	at org.springframework.boot.web.servlet.context.ServletWebServerApplicationContext.refresh(ServletWebServerApplicationContext.java:146) ~[spring-boot-3.2.5.jar!/:3.2.5]
	at org.springframework.boot.SpringApplication.refresh(SpringApplication.java:754) ~[spring-boot-3.2.5.jar!/:3.2.5]
	at org.springframework.boot.SpringApplication.refreshContext(SpringApplication.java:456) ~[spring-boot-3.2.5.jar!/:3.2.5]
	at org.springframework.boot.SpringApplication.run(SpringApplication.java:334) ~[spring-boot-3.2.5.jar!/:3.2.5]
	at org.springframework.boot.SpringApplication.run(SpringApplication.java:1354) ~[spring-boot-3.2.5.jar!/:3.2.5]
	at org.springframework.boot.SpringApplication.run(SpringApplication.java:1343) ~[spring-boot-3.2.5.jar!/:3.2.5]
	at com.franck.ecommerce.PaymentApplication.main(PaymentApplication.java:12) ~[!/:0.0.1-SNAPSHOT]
	at java.base/jdk.internal.reflect.NativeMethodAccessorImpl.invoke0(Native Method) ~[na:na]
	at java.base/jdk.internal.reflect.NativeMethodAccessorImpl.invoke(NativeMethodAccessorImpl.java:77) ~[na:na]
	at java.base/jdk.internal.reflect.DelegatingMethodAccessorImpl.invoke(DelegatingMethodAccessorImpl.java:43) ~[na:na]
	at java.base/java.lang.reflect.Method.invoke(Method.java:569) ~[na:na]
	at org.springframework.boot.loader.launch.Launcher.launch(Launcher.java:91) ~[payment-0.0.1-SNAPSHOT.jar:0.0.1-SNAPSHOT]
	at org.springframework.boot.loader.launch.Launcher.launch(Launcher.java:53) ~[payment-0.0.1-SNAPSHOT.jar:0.0.1-SNAPSHOT]
	at org.springframework.boot.loader.launch.JarLauncher.main(JarLauncher.java:58) ~[payment-0.0.1-SNAPSHOT.jar:0.0.1-SNAPSHOT]
Caused by: java.util.concurrent.TimeoutException: null
	at java.base/java.util.concurrent.CompletableFuture.timedGet(CompletableFuture.java:1960) ~[na:na]
	at java.base/java.util.concurrent.CompletableFuture.get(CompletableFuture.java:2095) ~[na:na]
	at org.apache.kafka.common.internals.KafkaFutureImpl.get(KafkaFutureImpl.java:180) ~[kafka-clients-3.6.2.jar!/:na]
	at org.springframework.kafka.core.KafkaAdmin.lambda$checkPartitions$11(KafkaAdmin.java:502) ~[spring-kafka-3.1.4.jar!/:3.1.4]
	... 22 common frames omitted

2026-09-17T11:49:17.713+01:00  INFO 3004 --- [payment-service] [| adminclient-1] [                                                 ] org.apache.kafka.clients.NetworkClient   : [AdminClient clientId=adminclient-1] Node -1 disconnected.
2026-09-17T11:49:17.713+01:00  WARN 3004 --- [payment-service] [| adminclient-1] [                                                 ] org.apache.kafka.clients.NetworkClient   : [AdminClient clientId=adminclient-1] Connection to node -1 (localhost/127.0.0.1:9092) could not be established. Broker may not be available.
2026-09-17T11:49:18.910+01:00  INFO 3004 --- [payment-service] [| adminclient-1] [                                                 ] org.apache.kafka.clients.NetworkClient   : [AdminClient clientId=adminclient-1] Node -1 disconnected.
2026-09-17T11:49:18.911+01:00  WARN 3004 --- [payment-service] [| adminclient-1] [                                                 ] org.apache.kafka.clients.NetworkClient   : [AdminClient clientId=adminclient-1] Connection to node -1 (localhost/127.0.0.1:9092) could not be established. Broker may not be available.
2026-09-17T11:49:20.102+01:00  INFO 3004 --- [payment-service] [| adminclient-1] [                                                 ] org.apache.kafka.clients.NetworkClient   : [AdminClient clientId=adminclient-1] Node -1 disconnected.
2026-09-17T11:49:20.102+01:00  WARN 3004 --- [payment-service] [| adminclient-1] [                                                 ] org.apache.kafka.clients.NetworkClient   : [AdminClient clientId=adminclient-1] Connection to node -1 (localhost/127.0.0.1:9092) could not be established. Broker may not be available.
2026-09-17T11:49:21.081+01:00  INFO 3004 --- [payment-service] [| adminclient-1] [                                                 ] org.apache.kafka.clients.NetworkClient   : [AdminClient clientId=adminclient-1] Node -1 disconnected.
2026-09-17T11:49:21.081+01:00  WARN 3004 --- [payment-service] [| adminclient-1] [                                                 ] org.apache.kafka.clients.NetworkClient   : [AdminClient clientId=adminclient-1] Connection to node -1 (localhost/127.0.0.1:9092) could not be established. Broker may not be available.
2026-09-17T11:49:21.951+01:00  INFO 3004 --- [payment-service] [| adminclient-1] [                                                 ] org.apache.kafka.clients.NetworkClient   : [AdminClient clientId=adminclient-1] Node -1 disconnected.
2026-09-17T11:49:21.951+01:00  WARN 3004 --- [payment-service] [| adminclient-1] [                                                 ] org.apache.kafka.clients.NetworkClient   : [AdminClient clientId=adminclient-1] Connection to node -1 (localhost/127.0.0.1:9092) could not be established. Broker may not be available.
2026-09-17T11:49:23.144+01:00  INFO 3004 --- [payment-service] [| adminclient-1] [                                                 ] org.apache.kafka.clients.NetworkClient   : [AdminClient clientId=adminclient-1] Node -1 disconnected.
2026-09-17T11:49:23.144+01:00  WARN 3004 --- [payment-service] [| adminclient-1] [                                                 ] org.apache.kafka.clients.NetworkClient   : [AdminClient clientId=adminclient-1] Connection to node -1 (localhost/127.0.0.1:9092) could not be established. Broker may not be available.
2026-09-17T11:49:24.020+01:00  INFO 3004 --- [payment-service] [| adminclient-1] [                                                 ] org.apache.kafka.clients.NetworkClient   : [AdminClient clientId=adminclient-1] Node -1 disconnected.
2026-09-17T11:49:24.020+01:00  WARN 3004 --- [payment-service] [| adminclient-1] [                                                 ] org.apache.kafka.clients.NetworkClient   : [AdminClient clientId=adminclient-1] Connection to node -1 (localhost/127.0.0.1:9092) could not be established. Broker may not be available.
2026-09-17T11:49:25.217+01:00  INFO 3004 --- [payment-service] [| adminclient-1] [                                                 ] org.apache.kafka.clients.NetworkClient   : [AdminClient clientId=adminclient-1] Node -1 disconnected.
2026-09-17T11:49:25.217+01:00  WARN 3004 --- [payment-service] [| adminclient-1] [                                                 ] org.apache.kafka.clients.NetworkClient   : [AdminClient clientId=adminclient-1] Connection to node -1 (localhost/127.0.0.1:9092) could not be established. Broker may not be available.
2026-09-17T11:49:26.407+01:00  INFO 3004 --- [payment-service] [| adminclient-1] [                                                 ] org.apache.kafka.clients.NetworkClient   : [AdminClient clientId=adminclient-1] Node -1 disconnected.
2026-09-17T11:49:26.407+01:00  WARN 3004 --- [payment-service] [| adminclient-1] [                                                 ] org.apache.kafka.clients.NetworkClient   : [AdminClient clientId=adminclient-1] Connection to node -1 (localhost/127.0.0.1:9092) could not be established. Broker may not be available.
2026-09-17T11:49:27.291+01:00  INFO 3004 --- [payment-service] [| adminclient-1] [                                                 ] o.a.k.clients.admin.KafkaAdminClient     : [AdminClient clientId=adminclient-1] Forcing a hard I/O thread shutdown. Requests in progress will be aborted.
2026-09-17T11:49:27.292+01:00  INFO 3004 --- [payment-service] [| adminclient-1] [                                                 ] o.a.kafka.common.utils.AppInfoParser     : App info kafka.admin.client for adminclient-1 unregistered
2026-09-17T11:49:27.292+01:00  INFO 3004 --- [payment-service] [| adminclient-1] [                                                 ] o.a.k.c.a.i.AdminMetadataManager         : [AdminClient clientId=adminclient-1] Metadata update failed

org.apache.kafka.common.errors.TimeoutException: The AdminClient thread has exited. Call: fetchMetadata

2026-09-17T11:49:27.292+01:00  INFO 3004 --- [payment-service] [| adminclient-1] [                                                 ] o.a.k.clients.admin.KafkaAdminClient     : [AdminClient clientId=adminclient-1] Timed out 2 remaining operation(s) during close.
2026-09-17T11:49:27.295+01:00  INFO 3004 --- [payment-service] [| adminclient-1] [                                                 ] o.apache.kafka.common.metrics.Metrics    : Metrics scheduler closed
2026-09-17T11:49:27.295+01:00  INFO 3004 --- [payment-service] [| adminclient-1] [                                                 ] o.apache.kafka.common.metrics.Metrics    : Closing reporter org.apache.kafka.common.metrics.JmxReporter
2026-09-17T11:49:27.295+01:00  INFO 3004 --- [payment-service] [| adminclient-1] [                                                 ] o.apache.kafka.common.metrics.Metrics    : Metrics reporters closed
2026-09-17T11:49:27.326+01:00  INFO 3004 --- [payment-service] [           main] [                                                 ] o.s.c.n.eureka.InstanceInfoFactory       : Setting initial instance status as: STARTING
2026-09-17T11:49:27.376+01:00  INFO 3004 --- [payment-service] [           main] [                                                 ] com.netflix.discovery.DiscoveryClient    : Initializing Eureka in region us-east-1
2026-09-17T11:49:27.382+01:00  INFO 3004 --- [payment-service] [           main] [                                                 ] c.n.d.s.r.aws.ConfigClusterResolver      : Resolving eureka endpoints via configuration
2026-09-17T11:49:27.420+01:00  INFO 3004 --- [payment-service] [           main] [                                                 ] com.netflix.discovery.DiscoveryClient    : Disable delta property : false
2026-09-17T11:49:27.420+01:00  INFO 3004 --- [payment-service] [           main] [                                                 ] com.netflix.discovery.DiscoveryClient    : Single vip registry refresh property : null
2026-09-17T11:49:27.420+01:00  INFO 3004 --- [payment-service] [           main] [                                                 ] com.netflix.discovery.DiscoveryClient    : Force full registry fetch : false
2026-09-17T11:49:27.420+01:00  INFO 3004 --- [payment-service] [           main] [                                                 ] com.netflix.discovery.DiscoveryClient    : Application is null : false
2026-09-17T11:49:27.420+01:00  INFO 3004 --- [payment-service] [           main] [                                                 ] com.netflix.discovery.DiscoveryClient    : Registered Applications size is zero : true
2026-09-17T11:49:27.420+01:00  INFO 3004 --- [payment-service] [           main] [                                                 ] com.netflix.discovery.DiscoveryClient    : Application version is -1: true
2026-09-17T11:49:27.420+01:00  INFO 3004 --- [payment-service] [           main] [                                                 ] com.netflix.discovery.DiscoveryClient    : Getting all instance registry info from the eureka server
2026-09-17T11:49:27.554+01:00  INFO 3004 --- [payment-service] [           main] [                                                 ] com.netflix.discovery.DiscoveryClient    : The response status is 200
2026-09-17T11:49:27.557+01:00  INFO 3004 --- [payment-service] [           main] [                                                 ] com.netflix.discovery.DiscoveryClient    : Starting heartbeat executor: renew interval is: 30
2026-09-17T11:49:27.559+01:00  INFO 3004 --- [payment-service] [           main] [                                                 ] c.n.discovery.InstanceInfoReplicator     : InstanceInfoReplicator onDemand update allowed rate per min is 4
2026-09-17T11:49:27.563+01:00  INFO 3004 --- [payment-service] [           main] [                                                 ] com.netflix.discovery.DiscoveryClient    : Discovery Client initialized at timestamp 1789642167562 with initial instances count: 6
2026-09-17T11:49:27.567+01:00  INFO 3004 --- [payment-service] [           main] [                                                 ] o.s.c.n.e.s.EurekaServiceRegistry        : Registering application PAYMENT-SERVICE with eureka with status UP
2026-09-17T11:49:27.567+01:00  INFO 3004 --- [payment-service] [           main] [                                                 ] com.netflix.discovery.DiscoveryClient    : Saw local status change event StatusChangeEvent [timestamp=1789642167567, current=UP, previous=STARTING]
2026-09-17T11:49:27.570+01:00  INFO 3004 --- [payment-service] [nfoReplicator-0] [                                                 ] com.netflix.discovery.DiscoveryClient    : DiscoveryClient_PAYMENT-SERVICE/localhost:payment-service:8060: registering service...
2026-09-17T11:49:27.584+01:00  INFO 3004 --- [payment-service] [           main] [                                                 ] o.s.b.w.embedded.tomcat.TomcatWebServer  : Tomcat started on port 8060 (http) with context path ''
2026-09-17T11:49:27.585+01:00  INFO 3004 --- [payment-service] [           main] [                                                 ] .s.c.n.e.s.EurekaAutoServiceRegistration : Updating port to 8060
2026-09-17T11:49:27.614+01:00  INFO 3004 --- [payment-service] [nfoReplicator-0] [                                                 ] com.netflix.discovery.DiscoveryClient    : DiscoveryClient_PAYMENT-SERVICE/localhost:payment-service:8060 - registration status: 204
2026-09-17T11:49:28.731+01:00  INFO 3004 --- [payment-service] [           main] [                                                 ] o.s.cloud.commons.util.InetUtils         : Cannot determine local hostname
2026-09-17T11:49:28.748+01:00  INFO 3004 --- [payment-service] [           main] [                                                 ] c.franck.ecommerce.PaymentApplication    : Started PaymentApplication in 62.357 seconds (process running for 63.559)
