
  .   ____          _            __ _ _
 /\\ / ___'_ __ _ _(_)_ __  __ _ \ \ \ \
( ( )\___ | '_ | '_| | '_ \/ _` | \ \ \ \
 \\/  ___)| |_)| | | | | || (_| |  ) ) ) )
  '  |____| .__|_| |_|_| |_\__, | / / / /
 =========|_|==============|___/=/_/_/_/
 :: Spring Boot ::                (v3.2.5)

2026-09-17T12:59:36.440+01:00  INFO 63328 --- [product-service] [           main] [                                                 ] c.franck.ecommerce.ProductApplication    : Starting ProductApplication v0.0.1-SNAPSHOT using Java 17.0.12 with PID 63328 (/Users/daphane/Documents/groupK48/devoir de fin/ms-stock-management-main/services/product/target/product-0.0.1-SNAPSHOT.jar started by daphane in /Users/daphane/Documents/groupK48/devoir de fin/ms-stock-management-main/services/product)
2026-09-17T12:59:36.702+01:00  INFO 63328 --- [product-service] [           main] [                                                 ] c.franck.ecommerce.ProductApplication    : No active profile set, falling back to 1 default profile: "default"
2026-09-17T12:59:37.121+01:00  INFO 63328 --- [product-service] [           main] [                                                 ] o.s.c.c.c.ConfigServerConfigDataLoader   : Fetching config from server at : http://localhost:8888
2026-09-17T12:59:37.121+01:00  INFO 63328 --- [product-service] [           main] [                                                 ] o.s.c.c.c.ConfigServerConfigDataLoader   : Located environment: name=product-service, profiles=[default], label=null, version=null, state=null
2026-09-17T12:59:45.448+01:00  INFO 63328 --- [product-service] [           main] [                                                 ] .s.d.r.c.RepositoryConfigurationDelegate : Bootstrapping Spring Data JPA repositories in DEFAULT mode.
2026-09-17T12:59:46.581+01:00  INFO 63328 --- [product-service] [           main] [                                                 ] .s.d.r.c.RepositoryConfigurationDelegate : Finished Spring Data repository scanning in 1116 ms. Found 1 JPA repository interface.
2026-09-17T12:59:49.210+01:00  INFO 63328 --- [product-service] [           main] [                                                 ] o.s.cloud.context.scope.GenericScope     : BeanFactory id=1f6dc8e0-1689-32a3-98a6-d8a670d93ed3
2026-09-17T12:59:51.603+01:00  WARN 63328 --- [product-service] [           main] [                                                 ] trationDelegate$BeanPostProcessorChecker : Bean 'org.springframework.cloud.client.loadbalancer.LoadBalancerAutoConfiguration$DeferringLoadBalancerInterceptorConfig' of type [org.springframework.cloud.client.loadbalancer.LoadBalancerAutoConfiguration$DeferringLoadBalancerInterceptorConfig] is not eligible for getting processed by all BeanPostProcessors (for example: not eligible for auto-proxying). The currently created BeanPostProcessor [lbRestClientPostProcessor] is declared through a non-static factory method on that class; consider declaring it as static instead.
2026-09-17T12:59:51.608+01:00  WARN 63328 --- [product-service] [           main] [                                                 ] trationDelegate$BeanPostProcessorChecker : Bean 'deferringLoadBalancerInterceptor' of type [org.springframework.cloud.client.loadbalancer.DeferringLoadBalancerInterceptor] is not eligible for getting processed by all BeanPostProcessors (for example: not eligible for auto-proxying). Is this bean getting eagerly injected into a currently created BeanPostProcessor [lbRestClientPostProcessor]? Check the corresponding BeanPostProcessor declaration and its dependencies.
2026-09-17T12:59:53.354+01:00  INFO 63328 --- [product-service] [           main] [                                                 ] o.s.b.w.embedded.tomcat.TomcatWebServer  : Tomcat initialized with port 8050 (http)
2026-09-17T12:59:53.535+01:00  INFO 63328 --- [product-service] [           main] [                                                 ] o.apache.catalina.core.StandardService   : Starting service [Tomcat]
2026-09-17T12:59:53.536+01:00  INFO 63328 --- [product-service] [           main] [                                                 ] o.apache.catalina.core.StandardEngine    : Starting Servlet engine: [Apache Tomcat/10.1.20]
2026-09-17T12:59:53.612+01:00  INFO 63328 --- [product-service] [           main] [                                                 ] o.a.c.c.C.[Tomcat].[localhost].[/]       : Initializing Spring embedded WebApplicationContext
2026-09-17T12:59:53.614+01:00  INFO 63328 --- [product-service] [           main] [                                                 ] w.s.c.ServletWebServerApplicationContext : Root WebApplicationContext: initialization completed in 16488 ms
2026-09-17T12:59:59.459+01:00  INFO 63328 --- [product-service] [           main] [                                                 ] o.f.c.internal.license.VersionPrinter    : Flyway Community Edition 9.22.3 by Redgate
2026-09-17T12:59:59.460+01:00  INFO 63328 --- [product-service] [           main] [                                                 ] o.f.c.internal.license.VersionPrinter    : See release notes here: https://rd.gt/416ObMi
2026-09-17T12:59:59.460+01:00  INFO 63328 --- [product-service] [           main] [                                                 ] o.f.c.internal.license.VersionPrinter    : 
2026-09-17T12:59:59.705+01:00  INFO 63328 --- [product-service] [           main] [                                                 ] org.flywaydb.core.FlywayExecutor         : Database: jdbc:postgresql://localhost:5433/product (PostgreSQL 18.6)
2026-09-17T12:59:59.729+01:00  WARN 63328 --- [product-service] [           main] [                                                 ] o.f.c.internal.database.base.Database    : Flyway upgrade recommended: PostgreSQL 18.6 is newer than this version of Flyway and support has not been tested. The latest supported version of PostgreSQL is 15.
2026-09-17T12:59:59.924+01:00  INFO 63328 --- [product-service] [           main] [                                                 ] o.f.core.internal.command.DbValidate     : Successfully validated 2 migrations (execution time 00:00.173s)
2026-09-17T13:00:00.104+01:00  INFO 63328 --- [product-service] [           main] [                                                 ] o.f.core.internal.command.DbMigrate      : Current version of schema "public": 2
2026-09-17T13:00:00.107+01:00  INFO 63328 --- [product-service] [           main] [                                                 ] o.f.core.internal.command.DbMigrate      : Schema "public" is up to date. No migration necessary.
2026-09-17T13:00:00.386+01:00  INFO 63328 --- [product-service] [           main] [                                                 ] o.hibernate.jpa.internal.util.LogHelper  : HHH000204: Processing PersistenceUnitInfo [name: default]
2026-09-17T13:00:00.840+01:00  INFO 63328 --- [product-service] [           main] [                                                 ] org.hibernate.Version                    : HHH000412: Hibernate ORM core version 6.4.4.Final
2026-09-17T13:00:01.109+01:00  INFO 63328 --- [product-service] [           main] [                                                 ] o.h.c.internal.RegionFactoryInitiator    : HHH000026: Second-level cache disabled
2026-09-17T13:00:02.625+01:00  INFO 63328 --- [product-service] [           main] [                                                 ] o.s.o.j.p.SpringPersistenceUnitInfo      : No LoadTimeWeaver setup: ignoring JPA class transformer
2026-09-17T13:00:02.822+01:00  INFO 63328 --- [product-service] [           main] [                                                 ] com.zaxxer.hikari.HikariDataSource       : HikariPool-1 - Starting...
2026-09-17T13:00:02.987+01:00  INFO 63328 --- [product-service] [           main] [                                                 ] com.zaxxer.hikari.pool.HikariPool        : HikariPool-1 - Added connection org.postgresql.jdbc.PgConnection@5b9df3b3
2026-09-17T13:00:02.990+01:00  INFO 63328 --- [product-service] [           main] [                                                 ] com.zaxxer.hikari.HikariDataSource       : HikariPool-1 - Start completed.
2026-09-17T13:00:03.089+01:00  WARN 63328 --- [product-service] [           main] [                                                 ] org.hibernate.orm.deprecation            : HHH90000025: PostgreSQLDialect does not need to be specified explicitly using 'hibernate.dialect' (remove the property setting and it will be selected by default)
2026-09-17T13:00:08.755+01:00  INFO 63328 --- [product-service] [           main] [                                                 ] o.h.e.t.j.p.i.JtaPlatformInitiator       : HHH000489: No JTA platform available (set 'hibernate.transaction.jta.platform' to enable JTA platform integration)
2026-09-17T13:00:08.870+01:00  INFO 63328 --- [product-service] [           main] [                                                 ] j.LocalContainerEntityManagerFactoryBean : Initialized JPA EntityManagerFactory for persistence unit 'default'
2026-09-17T13:00:11.296+01:00  WARN 63328 --- [product-service] [           main] [                                                 ] JpaBaseConfiguration$JpaWebConfiguration : spring.jpa.open-in-view is enabled by default. Therefore, database queries may be performed during view rendering. Explicitly configure spring.jpa.open-in-view to disable this warning
2026-09-17T13:00:17.058+01:00  INFO 63328 --- [product-service] [           main] [                                                 ] DiscoveryClientOptionalArgsConfiguration : Eureka HTTP Client uses RestTemplate.
2026-09-17T13:00:17.342+01:00  WARN 63328 --- [product-service] [           main] [                                                 ] iguration$LoadBalancerCaffeineWarnLogger : Spring Cloud LoadBalancer is currently working with the default cache. While this cache implementation is useful for development and tests, it's recommended to use Caffeine cache in production.You can switch to using Caffeine cache, by adding it and org.springframework.cache.caffeine.CaffeineCacheManager to the classpath.
2026-09-17T13:00:17.443+01:00  INFO 63328 --- [product-service] [           main] [                                                 ] o.s.b.a.e.web.EndpointLinksResolver      : Exposing 1 endpoint(s) beneath base path '/actuator'
2026-09-17T13:00:17.665+01:00  INFO 63328 --- [product-service] [           main] [                                                 ] o.s.c.n.eureka.InstanceInfoFactory       : Setting initial instance status as: STARTING
2026-09-17T13:00:18.111+01:00  INFO 63328 --- [product-service] [           main] [                                                 ] com.netflix.discovery.DiscoveryClient    : Initializing Eureka in region us-east-1
2026-09-17T13:00:18.133+01:00  INFO 63328 --- [product-service] [           main] [                                                 ] c.n.d.s.r.aws.ConfigClusterResolver      : Resolving eureka endpoints via configuration
2026-09-17T13:00:18.230+01:00  INFO 63328 --- [product-service] [           main] [                                                 ] com.netflix.discovery.DiscoveryClient    : Disable delta property : false
2026-09-17T13:00:18.230+01:00  INFO 63328 --- [product-service] [           main] [                                                 ] com.netflix.discovery.DiscoveryClient    : Single vip registry refresh property : null
2026-09-17T13:00:18.230+01:00  INFO 63328 --- [product-service] [           main] [                                                 ] com.netflix.discovery.DiscoveryClient    : Force full registry fetch : false
2026-09-17T13:00:18.230+01:00  INFO 63328 --- [product-service] [           main] [                                                 ] com.netflix.discovery.DiscoveryClient    : Application is null : false
2026-09-17T13:00:18.231+01:00  INFO 63328 --- [product-service] [           main] [                                                 ] com.netflix.discovery.DiscoveryClient    : Registered Applications size is zero : true
2026-09-17T13:00:18.231+01:00  INFO 63328 --- [product-service] [           main] [                                                 ] com.netflix.discovery.DiscoveryClient    : Application version is -1: true
2026-09-17T13:00:18.231+01:00  INFO 63328 --- [product-service] [           main] [                                                 ] com.netflix.discovery.DiscoveryClient    : Getting all instance registry info from the eureka server
2026-09-17T13:00:18.671+01:00  INFO 63328 --- [product-service] [           main] [                                                 ] com.netflix.discovery.DiscoveryClient    : The response status is 200
2026-09-17T13:00:18.675+01:00  INFO 63328 --- [product-service] [           main] [                                                 ] com.netflix.discovery.DiscoveryClient    : Starting heartbeat executor: renew interval is: 30
2026-09-17T13:00:18.679+01:00  INFO 63328 --- [product-service] [           main] [                                                 ] c.n.discovery.InstanceInfoReplicator     : InstanceInfoReplicator onDemand update allowed rate per min is 4
2026-09-17T13:00:18.708+01:00  INFO 63328 --- [product-service] [           main] [                                                 ] com.netflix.discovery.DiscoveryClient    : Discovery Client initialized at timestamp 1789646418686 with initial instances count: 3
2026-09-17T13:00:18.831+01:00  INFO 63328 --- [product-service] [           main] [                                                 ] o.s.c.n.e.s.EurekaServiceRegistry        : Registering application PRODUCT-SERVICE with eureka with status UP
2026-09-17T13:00:18.833+01:00  INFO 63328 --- [product-service] [           main] [                                                 ] com.netflix.discovery.DiscoveryClient    : Saw local status change event StatusChangeEvent [timestamp=1789646418832, current=UP, previous=STARTING]
2026-09-17T13:00:18.835+01:00  INFO 63328 --- [product-service] [nfoReplicator-0] [                                                 ] com.netflix.discovery.DiscoveryClient    : DiscoveryClient_PRODUCT-SERVICE/192.168.2.25:product-service:8050: registering service...
2026-09-17T13:00:18.892+01:00  INFO 63328 --- [product-service] [nfoReplicator-0] [                                                 ] com.netflix.discovery.DiscoveryClient    : DiscoveryClient_PRODUCT-SERVICE/192.168.2.25:product-service:8050 - registration status: 204
2026-09-17T13:00:18.897+01:00  INFO 63328 --- [product-service] [           main] [                                                 ] o.s.b.w.embedded.tomcat.TomcatWebServer  : Tomcat started on port 8050 (http) with context path ''
2026-09-17T13:00:18.898+01:00  INFO 63328 --- [product-service] [           main] [                                                 ] .s.c.n.e.s.EurekaAutoServiceRegistration : Updating port to 8050
2026-09-17T13:00:19.021+01:00  INFO 63328 --- [product-service] [           main] [                                                 ] c.franck.ecommerce.ProductApplication    : Started ProductApplication in 53.012 seconds (process running for 57.646)
2026-09-17T13:05:18.430+01:00  INFO 63328 --- [product-service] [trap-executor-0] [                                                 ] c.n.d.s.r.aws.ConfigClusterResolver      : Resolving eureka endpoints via configuration
2026-09-17T13:07:32.971+01:00  WARN 63328 --- [product-service] [l-1 housekeeper] [                                                 ] com.zaxxer.hikari.pool.HikariPool        : HikariPool-1 - Retrograde clock change detected (housekeeper delta=29s803ms), soft-evicting connections from pool.
2026-09-17T13:07:34.602+01:00  INFO 63328 --- [product-service] [nio-8050-exec-1] [                                                 ] o.a.c.c.C.[Tomcat].[localhost].[/]       : Initializing Spring DispatcherServlet 'dispatcherServlet'
2026-09-17T13:07:34.604+01:00  INFO 63328 --- [product-service] [nio-8050-exec-1] [                                                 ] o.s.web.servlet.DispatcherServlet        : Initializing Servlet 'dispatcherServlet'
2026-09-17T13:07:34.763+01:00  INFO 63328 --- [product-service] [nio-8050-exec-1] [                                                 ] o.s.web.servlet.DispatcherServlet        : Completed initialization in 157 ms
2026-09-17T13:10:18.518+01:00  INFO 63328 --- [product-service] [trap-executor-0] [                                                 ] c.n.d.s.r.aws.ConfigClusterResolver      : Resolving eureka endpoints via configuration
2026-09-17T13:15:18.531+01:00  INFO 63328 --- [product-service] [trap-executor-0] [                                                 ] c.n.d.s.r.aws.ConfigClusterResolver      : Resolving eureka endpoints via configuration
2026-09-17T13:20:18.548+01:00  INFO 63328 --- [product-service] [trap-executor-0] [                                                 ] c.n.d.s.r.aws.ConfigClusterResolver      : Resolving eureka endpoints via configuration
2026-09-17T13:25:18.580+01:00  INFO 63328 --- [product-service] [trap-executor-0] [                                                 ] c.n.d.s.r.aws.ConfigClusterResolver      : Resolving eureka endpoints via configuration
2026-09-17T13:30:18.664+01:00  INFO 63328 --- [product-service] [trap-executor-0] [                                                 ] c.n.d.s.r.aws.ConfigClusterResolver      : Resolving eureka endpoints via configuration
2026-09-17T13:35:18.724+01:00  INFO 63328 --- [product-service] [trap-executor-0] [                                                 ] c.n.d.s.r.aws.ConfigClusterResolver      : Resolving eureka endpoints via configuration
2026-09-17T13:40:18.791+01:00  INFO 63328 --- [product-service] [trap-executor-0] [                                                 ] c.n.d.s.r.aws.ConfigClusterResolver      : Resolving eureka endpoints via configuration
